
Discarded input sections

 .data          0x0000000000000000        0x0 build/obj/crt0_v7m.o
 .bss           0x0000000000000000        0x0 build/obj/crt0_v7m.o
 .data          0x0000000000000000        0x0 build/obj/chcoreasm_v7m.o
 .bss           0x0000000000000000        0x0 build/obj/chcoreasm_v7m.o
 .text          0x0000000000000000        0x0 build/obj/main.o
 .data          0x0000000000000000        0x0 build/obj/main.o
 .bss           0x0000000000000000        0x0 build/obj/main.o
 .text.set_cca_exp_io_mode
                0x0000000000000000       0x10 build/obj/main.o
 .text.init_globals
                0x0000000000000000       0x10 build/obj/main.o
 .text          0x0000000000000000        0x0 build/obj/protocol.o
 .data          0x0000000000000000        0x0 build/obj/protocol.o
 .bss           0x0000000000000000        0x0 build/obj/protocol.o
 .text          0x0000000000000000        0x0 build/obj/crt1.o
 .data          0x0000000000000000        0x0 build/obj/crt1.o
 .bss           0x0000000000000000        0x0 build/obj/crt1.o
 .text.__early_init
                0x0000000000000000       0x10 build/obj/crt1.o
 .text          0x0000000000000000        0x0 build/obj/vectors.o
 .data          0x0000000000000000        0x0 build/obj/vectors.o
 .bss           0x0000000000000000        0x0 build/obj/vectors.o
 .text          0x0000000000000000        0x0 build/obj/chsys.o
 .data          0x0000000000000000        0x0 build/obj/chsys.o
 .bss           0x0000000000000000        0x0 build/obj/chsys.o
 .text.port_get_irq_status
                0x0000000000000000       0x20 build/obj/chsys.o
 .text.port_irq_enabled
                0x0000000000000000       0x20 build/obj/chsys.o
 .text.port_is_isr_context
                0x0000000000000000       0x20 build/obj/chsys.o
 .text.port_rt_get_counter_value
                0x0000000000000000       0x10 build/obj/chsys.o
 .text.chSysLock
                0x0000000000000000       0x10 build/obj/chsys.o
 .text.chSysUnlock
                0x0000000000000000       0x40 build/obj/chsys.o
 .text.chSysIntegrityCheckI
                0x0000000000000000      0x110 build/obj/chsys.o
 .text.chSysGetStatusAndLockX
                0x0000000000000000       0x40 build/obj/chsys.o
 .text.chSysRestoreStatusX
                0x0000000000000000       0x30 build/obj/chsys.o
 .text.chSysIsCounterWithinX
                0x0000000000000000       0x30 build/obj/chsys.o
 .text.chSysPolledDelayX
                0x0000000000000000       0x40 build/obj/chsys.o
 .rodata.__func__.5925
                0x0000000000000000        0xc build/obj/chsys.o
 .text          0x0000000000000000        0x0 build/obj/chdebug.o
 .data          0x0000000000000000        0x0 build/obj/chdebug.o
 .bss           0x0000000000000000        0x0 build/obj/chdebug.o
 .text._dbg_check_disable
                0x0000000000000000       0x30 build/obj/chdebug.o
 .text._dbg_check_suspend
                0x0000000000000000       0x30 build/obj/chdebug.o
 .text          0x0000000000000000        0x0 build/obj/chvt.o
 .data          0x0000000000000000        0x0 build/obj/chvt.o
 .bss           0x0000000000000000        0x0 build/obj/chvt.o
 .text          0x0000000000000000        0x0 build/obj/chschd.o
 .data          0x0000000000000000        0x0 build/obj/chschd.o
 .bss           0x0000000000000000        0x0 build/obj/chschd.o
 .text.chSchDoRescheduleBehind
                0x0000000000000000       0x70 build/obj/chschd.o
 .text          0x0000000000000000        0x0 build/obj/chthreads.o
 .data          0x0000000000000000        0x0 build/obj/chthreads.o
 .bss           0x0000000000000000        0x0 build/obj/chthreads.o
 .text.st_lld_get_counter
                0x0000000000000000       0x10 build/obj/chthreads.o
 .text.port_timer_get_time
                0x0000000000000000       0x10 build/obj/chthreads.o
 .text.chSchCanYieldS
                0x0000000000000000       0x30 build/obj/chthreads.o
 .text.chSchDoYieldS
                0x0000000000000000       0x20 build/obj/chthreads.o
 .text.chVTGetSystemTimeX
                0x0000000000000000       0x10 build/obj/chthreads.o
 .text.chVTIsTimeWithinX
                0x0000000000000000       0x30 build/obj/chthreads.o
 .text.chThdGetSelfX
                0x0000000000000000       0x10 build/obj/chthreads.o
 .text.chThdStartI
                0x0000000000000000       0x30 build/obj/chthreads.o
 .text.chThdStart
                0x0000000000000000       0x20 build/obj/chthreads.o
 .text.chThdTerminate
                0x0000000000000000       0x30 build/obj/chthreads.o
 .text.chThdSleepUntil
                0x0000000000000000       0x30 build/obj/chthreads.o
 .text.chThdSleepUntilWindowed
                0x0000000000000000       0x40 build/obj/chthreads.o
 .text.chThdYield
                0x0000000000000000       0x10 build/obj/chthreads.o
 .text.chThdSuspendS
                0x0000000000000000       0x40 build/obj/chthreads.o
 .text.chThdSuspendTimeoutS
[...]
Memory Configuration

Name             Origin             Length             Attributes
flash            0x0000000008000000 0x0000000000100000
ram0             0x0000000020000000 0x0000000000020000
ram1             0x0000000020000000 0x000000000001c000
ram2             0x000000002001c000 0x0000000000004000
ram3             0x0000000000000000 0x0000000000000000
ram4             0x0000000010000000 0x0000000000010000
ram5             0x0000000040024000 0x0000000000001000
ram6             0x0000000000000000 0x0000000000000000
ram7             0x0000000000000000 0x0000000000000000
flash_itcm       0x0000000000000000 0xffffffffffffffff
*default*        0x0000000000000000 0xffffffffffffffff

Linker script and memory map

LOAD build/obj/crt0_v7m.o
LOAD build/obj/chcoreasm_v7m.o
LOAD build/obj/main.o
LOAD build/obj/protocol.o
LOAD build/obj/crt1.o
LOAD build/obj/vectors.o
LOAD build/obj/chsys.o
LOAD build/obj/chdebug.o
LOAD build/obj/chvt.o
LOAD build/obj/chschd.o
LOAD build/obj/chthreads.o
LOAD build/obj/chtm.o
LOAD build/obj/chstats.o
LOAD build/obj/chdynamic.o
LOAD build/obj/chregistry.o
LOAD build/obj/chsem.o
LOAD build/obj/chmtx.o
LOAD build/obj/chcond.o
LOAD build/obj/chevents.o
LOAD build/obj/chmsg.o
LOAD build/obj/chmboxes.o
LOAD build/obj/chqueues.o
LOAD build/obj/chmemcore.o
LOAD build/obj/chheap.o
LOAD build/obj/chmempools.o
LOAD build/obj/chcore.o
LOAD build/obj/chcore_v7m.o
LOAD build/obj/osal.o
LOAD build/obj/hal.o
LOAD build/obj/st.o
LOAD build/obj/hal_queues.o
LOAD build/obj/hal_mmcsd.o
LOAD build/obj/adc.o
LOAD build/obj/pal.o
LOAD build/obj/serial.o
LOAD build/obj/nvic.o
LOAD build/obj/hal_lld.o
LOAD build/obj/stm32_dma.o
LOAD build/obj/st_lld.o
LOAD build/obj/adc_lld.o
LOAD build/obj/pal_lld.o
LOAD build/obj/serial_lld.o
LOAD build/obj/board.o
LOAD build/obj/test.o
LOAD build/obj/testthd.o
LOAD build/obj/testsem.o
LOAD build/obj/testmtx.o
LOAD build/obj/testmsg.o
LOAD build/obj/testmbox.o
LOAD build/obj/testevt.o
LOAD build/obj/testheap.o
LOAD build/obj/testpools.o
LOAD build/obj/testdyn.o
LOAD build/obj/testqueues.o
LOAD build/obj/testsys.o
LOAD build/obj/testbmk.o
                0x0000000020000000                __ram0_start__ = ORIGIN (ram0)
                0x0000000000020000                __ram0_size__ = 0x20000
                0x0000000020020000                __ram0_end__ = (__ram0_start__ + __ram0_size__)
                0x0000000020000000                __ram1_start__ = ORIGIN (ram1)
                0x000000000001c000                __ram1_size__ = 0x1c000
                0x000000002001c000                __ram1_end__ = (__ram1_start__ + __ram1_size__)
                0x000000002001c000                __ram2_start__ = ORIGIN (ram2)
                0x0000000000004000                __ram2_size__ = 0x4000
                0x0000000020020000                __ram2_end__ = (__ram2_start__ + __ram2_size__)
                0x0000000000000000                __ram3_start__ = ORIGIN (ram3)
                0x0000000000000000                __ram3_size__ = 0x0
                0x0000000000000000                __ram3_end__ = (__ram3_start__ + __ram3_size__)
                0x0000000010000000                __ram4_start__ = ORIGIN (ram4)
                0x0000000000010000                __ram4_size__ = 0x10000
                0x0000000010010000                __ram4_end__ = (__ram4_start__ + __ram4_size__)
                0x0000000040024000                __ram5_start__ = ORIGIN (ram5)
                0x0000000000001000                __ram5_size__ = 0x1000
                0x0000000040025000                __ram5_end__ = (__ram5_start__ + __ram5_size__)
                0x0000000000000000                __ram6_start__ = ORIGIN (ram6)
                0x0000000000000000                __ram6_size__ = 0x0
                0x0000000000000000                __ram6_end__ = (__ram6_start__ + __ram6_size__)
                0x0000000000000000                __ram7_start__ = ORIGIN (ram7)
                0x0000000000000000                __ram7_size__ = 0x0
                0x0000000000000000                __ram7_end__ = (__ram7_start__ + __ram7_size__)
                0x0000000000000000                . = 0x0
                0x0000000000000000                _text = .

startup         0x0000000000000000      0x1c0 load address 0x0000000008000000
 *(.vectors)
 .vectors       0x0000000000000000      0x1c0 build/obj/vectors.o
                0x0000000000000000                _vectors

constructors    0x00000000000001c0        0x0 load address 0x00000000080001c0
                0x00000000000001c0                PROVIDE (__init_array_start, .)
 *(SORT(.init_array.*))
 *(.init_array)
                0x00000000000001c0                PROVIDE (__init_array_end, .)

destructors     0x00000000000001c0        0x0 load address 0x00000000080001c0
                0x00000000000001c0                PROVIDE (__fini_array_start, .)
 *(.fini_array)
 *(SORT(.fini_array.*))
                0x00000000000001c0                PROVIDE (__fini_array_end, .)

.text           0x00000000000001c0     0x4a2c load address 0x00000000080001c0
 *(.text)
 .text          0x00000000000001c0       0xc0 build/obj/crt0_v7m.o
                0x00000000000001c0                Reset_Handler
 .text          0x0000000000000280       0x40 build/obj/chcoreasm_v7m.o
                0x0000000000000280                _port_switch
                0x0000000000000290                _port_thread_start
                0x00000000000002a8                _port_switch_from_isr
                0x00000000000002bc                _port_exit_from_isr
 *(.text.*)
 .text.main     0x00000000000002c0       0x70 build/obj/main.o
                0x00000000000002c0                main
 .text.init_IO  0x0000000000000330       0x70 build/obj/main.o
                0x0000000000000330                init_IO
 .text.init_protocol
                0x00000000000003a0       0x50 build/obj/protocol.o
                0x00000000000003a0                init_protocol
 .text.rxListen
                0x00000000000003f0       0x40 build/obj/protocol.o
                0x00000000000003f0                rxListen
 .text.txWrite  0x0000000000000430       0x60 build/obj/protocol.o
                0x0000000000000430                txWrite
 .text.__core_init
                0x0000000000000490       0x10 build/obj/crt1.o
                0x0000000000000490                __core_init
 .text.__late_init
                0x00000000000004a0       0x10 build/obj/crt1.o
                0x00000000000004a0                __late_init
 .text.__default_exit
                0x00000000000004b0       0x10 build/obj/crt1.o
                0x00000000000004b0                __default_exit
 .text._unhandled_exception
                0x00000000000004c0       0x10 build/obj/vectors.o
                0x00000000000004c0                Vector58
                0x00000000000004c0                VectorE8
                0x00000000000004c0                Vector9C
                0x00000000000004c0                VectorAC
                0x00000000000004c0                DebugMon_Handler
                0x00000000000004c0                Vector1A0
                0x00000000000004c0                Vector5C
                0x00000000000004c0                Vector11C
                0x00000000000004c0                HardFault_Handler
                0x00000000000004c0                Vector1B8
                0x00000000000004c0                Vector19C
                0x00000000000004c0                Vector8C
                0x00000000000004c0                SysTick_Handler
                0x00000000000004c0                VectorDC
                0x00000000000004c0                PendSV_Handler
                0x00000000000004c0                Vector168
                0x00000000000004c0                NMI_Handler
                0x00000000000004c0                Vector110
                0x00000000000004c0                VectorC8
                0x00000000000004c0                Vector94
                0x00000000000004c0                VectorA8
                0x00000000000004c0                VectorB4
                0x00000000000004c0                Vector160
                0x00000000000004c0                Vector1B0
                0x00000000000004c0                UsageFault_Handler
                0x00000000000004c0                VectorEC
                0x00000000000004c0                Vector40
                0x00000000000004c0                VectorF8
                0x00000000000004c0                Vector108
                0x00000000000004c0                VectorBC
                0x00000000000004c0                Vector190
                0x00000000000004c0                Vector148
                0x00000000000004c0                Vector188
                0x00000000000004c0                Vector198
                0x00000000000004c0                Vector118
                0x00000000000004c0                Vector64
                0x00000000000004c0                VectorCC
                0x00000000000004c0                Vector54
                0x00000000000004c0                Vector98
                0x00000000000004c0                VectorD8
                0x00000000000004c0                Vector138
                0x00000000000004c0                Vector24
                0x00000000000004c0                Vector1AC
                0x00000000000004c0                Vector178
                0x00000000000004c0                Vector1A4
                0x00000000000004c0                VectorD0
                0x00000000000004c0                Vector1B4
                0x00000000000004c0                Vector140
                0x00000000000004c0                VectorE4
                0x00000000000004c0                VectorC0
                0x00000000000004c0                Vector134
                0x00000000000004c0                VectorF0
                0x00000000000004c0                Vector13C
                0x00000000000004c0                Vector100
                0x00000000000004c0                VectorE0
                0x00000000000004c0                VectorF4
                0x00000000000004c0                MemManage_Handler
                0x00000000000004c0                VectorA0
                0x00000000000004c0                VectorC4
                0x00000000000004c0                Vector180
                0x00000000000004c0                Vector90
                0x00000000000004c0                Vector114
                0x00000000000004c0                Vector164
                0x00000000000004c0                Vector60
                0x00000000000004c0                Vector1C
                0x00000000000004c0                Vector1BC
                0x00000000000004c0                Vector17C
                0x00000000000004c0                Vector48
                0x00000000000004c0                Vector1A8
                0x00000000000004c0                Vector16C
                0x00000000000004c0                Vector4C
                0x00000000000004c0                Vector144
                0x00000000000004c0                Vector15C
                0x00000000000004c0                Vector68
                0x00000000000004c0                _unhandled_exception
                0x00000000000004c0                Vector170
                0x00000000000004c0                Vector104
                0x00000000000004c0                Vector184
                0x00000000000004c0                Vector10C
                0x00000000000004c0                Vector14C
                0x00000000000004c0                BusFault_Handler
                0x00000000000004c0                Vector50
                0x00000000000004c0                Vector194
                0x00000000000004c0                Vector44
                0x00000000000004c0                Vector28
                0x00000000000004c0                VectorB8
                0x00000000000004c0                Vector34
                0x00000000000004c0                VectorA4
                0x00000000000004c0                Vector20
                0x00000000000004c0                Vector18C
                0x00000000000004c0                Vector174
 .text.NVIC_SetPriorityGrouping
                0x00000000000004d0       0x40 build/obj/chsys.o
 .text.NVIC_SetPriority
                0x0000000000000510       0x50 build/obj/chsys.o
 .text.port_init
                0x0000000000000560       0x50 build/obj/chsys.o
 .text.port_lock
                0x00000000000005b0       0x10 build/obj/chsys.o
 .text.port_unlock
                0x00000000000005c0       0x10 build/obj/chsys.o
 .text.port_lock_from_isr
                0x00000000000005d0       0x10 build/obj/chsys.o
 .text.port_unlock_from_isr
                0x00000000000005e0       0x10 build/obj/chsys.o
 .text.port_disable
                0x00000000000005f0       0x10 build/obj/chsys.o
 .text.port_enable
                0x0000000000000600       0x20 build/obj/chsys.o
 .text.port_wait_for_interrupt
                0x0000000000000620       0x10 build/obj/chsys.o
 .text.st_lld_get_counter
                0x0000000000000630       0x10 build/obj/chsys.o
 .text.port_timer_stop_alarm
                0x0000000000000640       0x10 build/obj/chsys.o
 .text.port_timer_set_alarm
                0x0000000000000650       0x20 build/obj/chsys.o
 .text.port_timer_get_time
                0x0000000000000670       0x10 build/obj/chsys.o
 .text.chSysEnable
                0x0000000000000680       0x10 build/obj/chsys.o
 .text.chSysLockFromISR
                0x0000000000000690       0x10 build/obj/chsys.o
 .text.chSysUnlockFromISR
                0x00000000000006a0       0x10 build/obj/chsys.o
 .text.chVTGetSystemTimeX
                0x00000000000006b0       0x10 build/obj/chsys.o
 .text.chVTDoTickI
                0x00000000000006c0       0xf0 build/obj/chsys.o
 .text.chRegSetThreadName
                0x00000000000007b0       0x20 build/obj/chsys.o
 .text.chRegSetThreadNameX
                0x00000000000007d0       0x10 build/obj/chsys.o
 .text._idle_thread
                0x00000000000007e0       0x10 build/obj/chsys.o
 .text.chSysInit
                0x00000000000007f0       0x90 build/obj/chsys.o
                0x00000000000007f0                chSysInit
 .text.chSysHalt
                0x0000000000000880       0x20 build/obj/chsys.o
                0x0000000000000880                chSysHalt
 .text.chSysTimerHandlerI
                0x00000000000008a0       0x10 build/obj/chsys.o
                0x00000000000008a0                chSysTimerHandlerI
 .text.port_lock
                0x00000000000008b0       0x10 build/obj/chdebug.o
 .text.port_unlock
                0x00000000000008c0       0x10 build/obj/chdebug.o
 .text.port_lock_from_isr
                0x00000000000008d0       0x10 build/obj/chdebug.o
 .text.port_unlock_from_isr
                0x00000000000008e0       0x10 build/obj/chdebug.o
 .text.st_lld_get_counter
                0x00000000000008f0       0x10 build/obj/chdebug.o
 .text.port_timer_get_time
                0x0000000000000900       0x10 build/obj/chdebug.o
 .text.chVTGetSystemTimeX
                0x0000000000000910       0x10 build/obj/chdebug.o
 .text._dbg_check_enable
                0x0000000000000920       0x30 build/obj/chdebug.o
                0x0000000000000920                _dbg_check_enable
 .text._dbg_check_lock
                0x0000000000000950       0x30 build/obj/chdebug.o
                0x0000000000000950                _dbg_check_lock
 .text._dbg_check_unlock
                0x0000000000000980       0x30 build/obj/chdebug.o
                0x0000000000000980                _dbg_check_unlock
 .text._dbg_check_lock_from_isr
                0x00000000000009b0       0x30 build/obj/chdebug.o
                0x00000000000009b0                _dbg_check_lock_from_isr
 .text._dbg_check_unlock_from_isr
                0x00000000000009e0       0x30 build/obj/chdebug.o
                0x00000000000009e0                _dbg_check_unlock_from_isr
 .text._dbg_check_enter_isr
                0x0000000000000a10       0x40 build/obj/chdebug.o
                0x0000000000000a10                _dbg_check_enter_isr
 .text._dbg_check_leave_isr
                0x0000000000000a50       0x40 build/obj/chdebug.o
                0x0000000000000a50                _dbg_check_leave_isr
 .text.chDbgCheckClassI
                0x0000000000000a90       0x30 build/obj/chdebug.o
                0x0000000000000a90                chDbgCheckClassI
 .text.chDbgCheckClassS
                0x0000000000000ac0       0x30 build/obj/chdebug.o
                0x0000000000000ac0                chDbgCheckClassS
 .text._dbg_trace_init
                0x0000000000000af0       0x20 build/obj/chdebug.o
                0x0000000000000af0                _dbg_trace_init
 .text._dbg_trace
                0x0000000000000b10       0x60 build/obj/chdebug.o
                0x0000000000000b10                _dbg_trace
 .text.st_lld_get_counter
                0x0000000000000b70       0x10 build/obj/chvt.o
 .text.port_timer_start_alarm
                0x0000000000000b80       0x20 build/obj/chvt.o
 .text.port_timer_stop_alarm
                0x0000000000000ba0       0x10 build/obj/chvt.o
 .text.port_timer_set_alarm
                0x0000000000000bb0       0x20 build/obj/chvt.o
 .text.port_timer_get_time
                0x0000000000000bd0       0x10 build/obj/chvt.o
 .text.chVTGetSystemTimeX
                0x0000000000000be0       0x10 build/obj/chvt.o
 .text._vt_init
                0x0000000000000bf0       0x30 build/obj/chvt.o
                0x0000000000000bf0                _vt_init
 .text.chVTDoSetI
                0x0000000000000c20      0x120 build/obj/chvt.o
                0x0000000000000c20                chVTDoSetI
 .text.chVTDoResetI
                0x0000000000000d40      0x100 build/obj/chvt.o
                0x0000000000000d40                chVTDoResetI
 .text.port_lock
                0x0000000000000e40       0x10 build/obj/chschd.o
 .text.port_unlock
                0x0000000000000e50       0x10 build/obj/chschd.o
 .text.port_lock_from_isr
                0x0000000000000e60       0x10 build/obj/chschd.o
 .text.port_unlock_from_isr
                0x0000000000000e70       0x10 build/obj/chschd.o
 .text.queue_init
                0x0000000000000e80       0x20 build/obj/chschd.o
 .text.queue_fifo_remove
                0x0000000000000ea0       0x30 build/obj/chschd.o
 .text.queue_dequeue
                0x0000000000000ed0       0x20 build/obj/chschd.o
 .text.chSchIsRescRequiredI
                0x0000000000000ef0       0x30 build/obj/chschd.o
 .text.chSysLockFromISR
                0x0000000000000f20       0x10 build/obj/chschd.o
 .text.chSysUnlockFromISR
                0x0000000000000f30       0x10 build/obj/chschd.o
 .text.chVTIsArmedI
                0x0000000000000f40       0x20 build/obj/chschd.o
 .text.chSemFastSignalI
                0x0000000000000f60       0x20 build/obj/chschd.o
 .text._scheduler_init
                0x0000000000000f80       0x20 build/obj/chschd.o
                0x0000000000000f80                _scheduler_init
 .text.chSchReadyI
                0x0000000000000fa0       0x80 build/obj/chschd.o
                0x0000000000000fa0                chSchReadyI
 .text.chSchGoSleepS
                0x0000000000001020       0x80 build/obj/chschd.o
                0x0000000000001020                chSchGoSleepS
 .text.wakeup   0x00000000000010a0       0x80 build/obj/chschd.o
 .text.chSchGoSleepTimeoutS
                0x0000000000001120       0x70 build/obj/chschd.o
                0x0000000000001120                chSchGoSleepTimeoutS
 .text.chSchWakeupS
                0x0000000000001190       0x90 build/obj/chschd.o
                0x0000000000001190                chSchWakeupS
 .text.chSchRescheduleS
                0x0000000000001220       0x20 build/obj/chschd.o
                0x0000000000001220                chSchRescheduleS
 .text.chSchIsPreemptionRequired
                0x0000000000001240       0x30 build/obj/chschd.o
                0x0000000000001240                chSchIsPreemptionRequired
 .text.chSchDoRescheduleAhead
                0x0000000000001270       0xb0 build/obj/chschd.o
                0x0000000000001270                chSchDoRescheduleAhead
 .text.chSchDoReschedule
                0x0000000000001320       0x10 build/obj/chschd.o
                0x0000000000001320                chSchDoReschedule
 .text.port_lock
                0x0000000000001330       0x10 build/obj/chthreads.o
 .text.port_unlock
                0x0000000000001340       0x10 build/obj/chthreads.o
 .text.list_init
                0x0000000000001350       0x10 build/obj/chthreads.o
 .text.list_notempty
                0x0000000000001360       0x20 build/obj/chthreads.o
 .text.queue_init
                0x0000000000001380       0x20 build/obj/chthreads.o
 .text.queue_notempty
                0x00000000000013a0       0x20 build/obj/chthreads.o
 .text.list_insert
                0x00000000000013c0       0x20 build/obj/chthreads.o
 .text.list_remove
                0x00000000000013e0       0x20 build/obj/chthreads.o
 .text.queue_insert
                0x0000000000001400       0x30 build/obj/chthreads.o
 .text.queue_fifo_remove
                0x0000000000001430       0x30 build/obj/chthreads.o
 .text.chSysLock
                0x0000000000001460       0x10 build/obj/chthreads.o
 .text.chSysUnlock
                0x0000000000001470       0x40 build/obj/chthreads.o
 .text.chThdSleepS
                0x00000000000014b0       0x30 build/obj/chthreads.o
 .text.chThdDoDequeueNextI
                0x00000000000014e0       0x50 build/obj/chthreads.o
 .text._thread_init
                0x0000000000001530       0xa0 build/obj/chthreads.o
                0x0000000000001530                _thread_init
 .text._thread_memfill
                0x00000000000015d0       0x30 build/obj/chthreads.o
                0x00000000000015d0                _thread_memfill
 .text.chThdCreateI
                0x0000000000001600       0x70 build/obj/chthreads.o
                0x0000000000001600                chThdCreateI
 .text.chThdCreateStatic
                0x0000000000001670       0x60 build/obj/chthreads.o
                0x0000000000001670                chThdCreateStatic
 .text.chThdSetPriority
                0x00000000000016d0       0x70 build/obj/chthreads.o
                0x00000000000016d0                chThdSetPriority
 .text.chThdSleep
                0x0000000000001740       0x20 build/obj/chthreads.o
                0x0000000000001740                chThdSleep
 .text.chThdExit
                0x0000000000001760       0x20 build/obj/chthreads.o
                0x0000000000001760                chThdExit
 .text.chThdExitS
                0x0000000000001780       0x80 build/obj/chthreads.o
                0x0000000000001780                chThdExitS
 .text.chThdWait
                0x0000000000001800       0x80 build/obj/chthreads.o
                0x0000000000001800                chThdWait
 .text.chThdResumeI
                0x0000000000001880       0x50 build/obj/chthreads.o
                0x0000000000001880                chThdResumeI
 .text.chThdEnqueueTimeoutS
                0x00000000000018d0       0x40 build/obj/chthreads.o
                0x00000000000018d0                chThdEnqueueTimeoutS
 .text.chThdDequeueNextI
                0x0000000000001910       0x30 build/obj/chthreads.o
                0x0000000000001910                chThdDequeueNextI
 .text.port_rt_get_counter_value
                0x0000000000001940       0x10 build/obj/chtm.o
 .text.tm_stop  0x0000000000001950       0x70 build/obj/chtm.o
 .text._tm_init
                0x00000000000019c0       0x40 build/obj/chtm.o
                0x00000000000019c0                _tm_init
 .text.chTMObjectInit
                0x0000000000001a00       0x30 build/obj/chtm.o
                0x0000000000001a00                chTMObjectInit
 .text.chTMStartMeasurementX
                0x0000000000001a30       0x20 build/obj/chtm.o
                0x0000000000001a30                chTMStartMeasurementX
 .text.chTMStopMeasurementX
                0x0000000000001a50       0x30 build/obj/chtm.o
                0x0000000000001a50                chTMStopMeasurementX
 .text.chTMChainMeasurementToX
                0x0000000000001a80       0x30 build/obj/chtm.o
                0x0000000000001a80                chTMChainMeasurementToX
 .text._stats_init
                0x0000000000001ab0       0x30 build/obj/chstats.o
                0x0000000000001ab0                _stats_init
 .text._stats_increase_irq
                0x0000000000001ae0       0x20 build/obj/chstats.o
                0x0000000000001ae0                _stats_increase_irq
 .text._stats_ctxswc
                0x0000000000001b00       0x40 build/obj/chstats.o
                0x0000000000001b00                _stats_ctxswc
 .text._stats_start_measure_crit_thd
                0x0000000000001b40       0x10 build/obj/chstats.o
                0x0000000000001b40                _stats_start_measure_crit_thd
 .text._stats_stop_measure_crit_thd
                0x0000000000001b50       0x10 build/obj/chstats.o
                0x0000000000001b50                _stats_stop_measure_crit_thd
 .text._stats_start_measure_crit_isr
                0x0000000000001b60       0x10 build/obj/chstats.o
                0x0000000000001b60                _stats_start_measure_crit_isr
 .text._stats_stop_measure_crit_isr
                0x0000000000001b70       0x10 build/obj/chstats.o
                0x0000000000001b70                _stats_stop_measure_crit_isr
 .text.port_lock
                0x0000000000001b80       0x10 build/obj/chdynamic.o
 .text.port_unlock
                0x0000000000001b90       0x10 build/obj/chdynamic.o
 .text.chSysLock
                0x0000000000001ba0       0x10 build/obj/chdynamic.o
 .text.chSysUnlock
                0x0000000000001bb0       0x40 build/obj/chdynamic.o
 .text.chThdRelease
                0x0000000000001bf0       0xb0 build/obj/chdynamic.o
                0x0000000000001bf0                chThdRelease
 .text.queue_init
                0x0000000000001ca0       0x20 build/obj/chsem.o
 .text.queue_isempty
                0x0000000000001cc0       0x20 build/obj/chsem.o
 .text.queue_notempty
                0x0000000000001ce0       0x20 build/obj/chsem.o
 .text.queue_insert
                0x0000000000001d00       0x30 build/obj/chsem.o
 .text.queue_fifo_remove
                0x0000000000001d30       0x30 build/obj/chsem.o
 .text.chSemObjectInit
                0x0000000000001d60       0x40 build/obj/chsem.o
                0x0000000000001d60                chSemObjectInit
 .text.chSemWaitTimeoutS
                0x0000000000001da0       0xc0 build/obj/chsem.o
                0x0000000000001da0                chSemWaitTimeoutS
 .text.chSemSignalI
                0x0000000000001e60       0x90 build/obj/chsem.o
                0x0000000000001e60                chSemSignalI
 .text.port_lock
                0x0000000000001ef0       0x10 build/obj/chmtx.o
 .text.port_unlock
                0x0000000000001f00       0x10 build/obj/chmtx.o
 .text.queue_init
                0x0000000000001f10       0x20 build/obj/chmtx.o
 .text.queue_notempty
                0x0000000000001f30       0x20 build/obj/chmtx.o
 .text.queue_prio_insert
                0x0000000000001f50       0x50 build/obj/chmtx.o
 .text.queue_fifo_remove
                0x0000000000001fa0       0x30 build/obj/chmtx.o
 .text.queue_dequeue
                0x0000000000001fd0       0x20 build/obj/chmtx.o
 .text.chSysLock
                0x0000000000001ff0       0x10 build/obj/chmtx.o
 .text.chSysUnlock
                0x0000000000002000       0x40 build/obj/chmtx.o
 .text.chMtxQueueNotEmptyS
                0x0000000000002040       0x20 build/obj/chmtx.o
 .text.chMtxObjectInit
                0x0000000000002060       0x30 build/obj/chmtx.o
                0x0000000000002060                chMtxObjectInit
 .text.chMtxLock
                0x0000000000002090       0x20 build/obj/chmtx.o
                0x0000000000002090                chMtxLock
 .text.chMtxLockS
                0x00000000000020b0      0x100 build/obj/chmtx.o
                0x00000000000020b0                chMtxLockS
 .text.chMtxUnlock
                0x00000000000021b0       0xf0 build/obj/chmtx.o
                0x00000000000021b0                chMtxUnlock
 .text.chEvtBroadcastFlagsI
                0x00000000000022a0       0x70 build/obj/chevents.o
                0x00000000000022a0                chEvtBroadcastFlagsI
 .text.chEvtSignalI
                0x0000000000002310       0x70 build/obj/chevents.o
                0x0000000000002310                chEvtSignalI
 .text.port_lock
                0x0000000000002380       0x10 build/obj/chmboxes.o
 .text.port_unlock
                0x0000000000002390       0x10 build/obj/chmboxes.o
 .text.chSysLock
                0x00000000000023a0       0x10 build/obj/chmboxes.o
 .text.chSysUnlock
                0x00000000000023b0       0x40 build/obj/chmboxes.o
 .text.chMBObjectInit
                0x00000000000023f0       0x70 build/obj/chmboxes.o
                0x00000000000023f0                chMBObjectInit
 .text.chMBPost
                0x0000000000002460       0x30 build/obj/chmboxes.o
                0x0000000000002460                chMBPost
 .text.chMBPostS
                0x0000000000002490       0x70 build/obj/chmboxes.o
                0x0000000000002490                chMBPostS
 .text.chMBFetch
                0x0000000000002500       0x30 build/obj/chmboxes.o
                0x0000000000002500                chMBFetch
 .text.chMBFetchS
                0x0000000000002530       0x80 build/obj/chmboxes.o
                0x0000000000002530                chMBFetchS
 .text.port_lock
                0x00000000000025b0       0x10 build/obj/chqueues.o
 .text.port_unlock
                0x00000000000025c0       0x10 build/obj/chqueues.o
 .text.queue_init
                0x00000000000025d0       0x20 build/obj/chqueues.o
 .text.chSysLock
                0x00000000000025f0       0x10 build/obj/chqueues.o
 .text.chSysUnlock
                0x0000000000002600       0x40 build/obj/chqueues.o
 .text.chThdQueueObjectInit
                0x0000000000002640       0x20 build/obj/chqueues.o
 .text.chIQIsEmptyI
                0x0000000000002660       0x20 build/obj/chqueues.o
 .text.chIQIsFullI
                0x0000000000002680       0x40 build/obj/chqueues.o
 .text.chOQIsEmptyI
                0x00000000000026c0       0x40 build/obj/chqueues.o
 .text.chOQIsFullI
                0x0000000000002700       0x20 build/obj/chqueues.o
 .text.chIQObjectInit
                0x0000000000002720       0x50 build/obj/chqueues.o
                0x0000000000002720                chIQObjectInit
 .text.chIQPutI
                0x0000000000002770       0x70 build/obj/chqueues.o
                0x0000000000002770                chIQPutI
 .text.chIQGetTimeout
                0x00000000000027e0       0x90 build/obj/chqueues.o
                0x00000000000027e0                chIQGetTimeout
 .text.chIQReadTimeout
                0x0000000000002870       0xc0 build/obj/chqueues.o
                0x0000000000002870                chIQReadTimeout
 .text.chOQObjectInit
                0x0000000000002930       0x50 build/obj/chqueues.o
                0x0000000000002930                chOQObjectInit
 .text.chOQPutTimeout
                0x0000000000002980       0x90 build/obj/chqueues.o
                0x0000000000002980                chOQPutTimeout
 .text.chOQGetI
                0x0000000000002a10       0x60 build/obj/chqueues.o
                0x0000000000002a10                chOQGetI
 .text.chOQWriteTimeout
                0x0000000000002a70       0xc0 build/obj/chqueues.o
                0x0000000000002a70                chOQWriteTimeout
 .text.port_lock
                0x0000000000002b30       0x10 build/obj/chmemcore.o
 .text.port_unlock
                0x0000000000002b40       0x10 build/obj/chmemcore.o
 .text.chSysLock
                0x0000000000002b50       0x10 build/obj/chmemcore.o
 .text.chSysUnlock
                0x0000000000002b60       0x40 build/obj/chmemcore.o
 .text._core_init
                0x0000000000002ba0       0x30 build/obj/chmemcore.o
                0x0000000000002ba0                _core_init
 .text.chCoreAlloc
                0x0000000000002bd0       0x20 build/obj/chmemcore.o
                0x0000000000002bd0                chCoreAlloc
 .text.chCoreAllocI
                0x0000000000002bf0       0x50 build/obj/chmemcore.o
                0x0000000000002bf0                chCoreAllocI
 .text._heap_init
                0x0000000000002c40       0x30 build/obj/chheap.o
                0x0000000000002c40                _heap_init
 .text.chHeapFree
                0x0000000000002c70      0x100 build/obj/chheap.o
                0x0000000000002c70                chHeapFree
 .text.port_lock
                0x0000000000002d70       0x10 build/obj/chmempools.o
 .text.port_unlock
                0x0000000000002d80       0x10 build/obj/chmempools.o
 .text.chSysLock
                0x0000000000002d90       0x10 build/obj/chmempools.o
 .text.chSysUnlock
                0x0000000000002da0       0x40 build/obj/chmempools.o
 .text.chPoolFreeI
                0x0000000000002de0       0x40 build/obj/chmempools.o
                0x0000000000002de0                chPoolFreeI
 .text.chPoolFree
                0x0000000000002e20       0x20 build/obj/chmempools.o
                0x0000000000002e20                chPoolFree
 .text.port_lock
                0x0000000000002e40       0x10 build/obj/chcore_v7m.o
 .text.port_unlock
                0x0000000000002e50       0x10 build/obj/chcore_v7m.o
 .text.port_lock_from_isr
                0x0000000000002e60       0x10 build/obj/chcore_v7m.o
 .text.port_unlock_from_isr
                0x0000000000002e70       0x10 build/obj/chcore_v7m.o
 .text.SVC_Handler
                0x0000000000002e80       0x30 build/obj/chcore_v7m.o
                0x0000000000002e80                SVC_Handler
 .text._port_irq_epilogue
                0x0000000000002eb0       0x70 build/obj/chcore_v7m.o
                0x0000000000002eb0                _port_irq_epilogue
 .text.osalInit
                0x0000000000002f20       0x10 build/obj/hal.o
 .text.halInit  0x0000000000002f30       0x30 build/obj/hal.o
                0x0000000000002f30                halInit
 .text.st_lld_start_alarm
                0x0000000000002f60       0x20 build/obj/st.o
 .text.st_lld_stop_alarm
                0x0000000000002f80       0x10 build/obj/st.o
 .text.st_lld_set_alarm
                0x0000000000002f90       0x10 build/obj/st.o
 .text.st_lld_is_alarm_active
                0x0000000000002fa0       0x20 build/obj/st.o
 .text.stInit   0x0000000000002fc0       0x10 build/obj/st.o
                0x0000000000002fc0                stInit
 .text.stStartAlarm
                0x0000000000002fd0       0x30 build/obj/st.o
                0x0000000000002fd0                stStartAlarm
 .text.stStopAlarm
                0x0000000000003000       0x10 build/obj/st.o
                0x0000000000003000                stStopAlarm
 .text.stSetAlarm
                0x0000000000003010       0x30 build/obj/st.o
                0x0000000000003010                stSetAlarm
 .text.osalMutexObjectInit
                0x0000000000003040       0x20 build/obj/adc.o
 .text.adcInit  0x0000000000003060       0x10 build/obj/adc.o
                0x0000000000003060                adcInit
 .text.adcObjectInit
                0x0000000000003070       0x40 build/obj/adc.o
                0x0000000000003070                adcObjectInit
 .text.port_lock
                0x00000000000030b0       0x10 build/obj/serial.o
 .text.port_unlock
                0x00000000000030c0       0x10 build/obj/serial.o
 .text.chSysLock
                0x00000000000030d0       0x10 build/obj/serial.o
 .text.chSysUnlock
                0x00000000000030e0       0x40 build/obj/serial.o
 .text.chEvtObjectInit
                0x0000000000003120       0x10 build/obj/serial.o
 .text.chIQIsEmptyI
                0x0000000000003130       0x20 build/obj/serial.o
 .text.osalSysLock
                0x0000000000003150       0x10 build/obj/serial.o
 .text.osalSysUnlock
                0x0000000000003160       0x10 build/obj/serial.o
 .text.osalEventObjectInit
                0x0000000000003170       0x20 build/obj/serial.o
 .text.osalEventBroadcastFlagsI
                0x0000000000003190       0x20 build/obj/serial.o
 .text.write    0x00000000000031b0       0x30 build/obj/serial.o
 .text.read     0x00000000000031e0       0x30 build/obj/serial.o
 .text.put      0x0000000000003210       0x30 build/obj/serial.o
 .text.get      0x0000000000003240       0x20 build/obj/serial.o
 .text.putt     0x0000000000003260       0x30 build/obj/serial.o
 .text.gett     0x0000000000003290       0x20 build/obj/serial.o
 .text.writet   0x00000000000032b0       0x30 build/obj/serial.o
 .text.readt    0x00000000000032e0       0x30 build/obj/serial.o
 .text.sdInit   0x0000000000003310       0x10 build/obj/serial.o
                0x0000000000003310                sdInit
 .text.sdObjectInit
                0x0000000000003320       0x60 build/obj/serial.o
                0x0000000000003320                sdObjectInit
 .text.sdStart  0x0000000000003380       0x50 build/obj/serial.o
                0x0000000000003380                sdStart
 .text.sdIncomingDataI
                0x00000000000033d0       0x70 build/obj/serial.o
                0x00000000000033d0                sdIncomingDataI
 .text.nvicEnableVector
                0x0000000000003440       0x50 build/obj/nvic.o
                0x0000000000003440                nvicEnableVector
 .text.hal_lld_backup_domain_init
                0x0000000000003490       0x40 build/obj/hal_lld.o
 .text.hal_lld_init
                0x00000000000034d0       0x70 build/obj/hal_lld.o
                0x00000000000034d0                hal_lld_init
 .text.stm32_clock_init
                0x0000000000003540      0x120 build/obj/hal_lld.o
                0x0000000000003540                stm32_clock_init
 .text.Vector6C
                0x0000000000003660       0x50 build/obj/stm32_dma.o
                0x0000000000003660                Vector6C
 .text.Vector70
                0x00000000000036b0       0x50 build/obj/stm32_dma.o
                0x00000000000036b0                Vector70
 .text.Vector74
                0x0000000000003700       0x50 build/obj/stm32_dma.o
                0x0000000000003700                Vector74
 .text.Vector78
                0x0000000000003750       0x50 build/obj/stm32_dma.o
                0x0000000000003750                Vector78
 .text.Vector7C
                0x00000000000037a0       0x50 build/obj/stm32_dma.o
                0x00000000000037a0                Vector7C
 .text.Vector80
                0x00000000000037f0       0x50 build/obj/stm32_dma.o
                0x00000000000037f0                Vector80
 .text.Vector84
                0x0000000000003840       0x50 build/obj/stm32_dma.o
                0x0000000000003840                Vector84
 .text.VectorFC
                0x0000000000003890       0x50 build/obj/stm32_dma.o
                0x0000000000003890                VectorFC
 .text.Vector120
                0x00000000000038e0       0x50 build/obj/stm32_dma.o
                0x00000000000038e0                Vector120
 .text.Vector124
                0x0000000000003930       0x50 build/obj/stm32_dma.o
                0x0000000000003930                Vector124
 .text.Vector128
                0x0000000000003980       0x50 build/obj/stm32_dma.o
                0x0000000000003980                Vector128
 .text.Vector12C
                0x00000000000039d0       0x50 build/obj/stm32_dma.o
                0x00000000000039d0                Vector12C
 .text.Vector130
                0x0000000000003a20       0x50 build/obj/stm32_dma.o
                0x0000000000003a20                Vector130
 .text.Vector150
                0x0000000000003a70       0x50 build/obj/stm32_dma.o
                0x0000000000003a70                Vector150
 .text.Vector154
                0x0000000000003ac0       0x50 build/obj/stm32_dma.o
                0x0000000000003ac0                Vector154
 .text.Vector158
                0x0000000000003b10       0x50 build/obj/stm32_dma.o
                0x0000000000003b10                Vector158
 .text.dmaInit  0x0000000000003b60       0x70 build/obj/stm32_dma.o
                0x0000000000003b60                dmaInit
 .text.port_lock
                0x0000000000003bd0       0x10 build/obj/st_lld.o
 .text.port_unlock
                0x0000000000003be0       0x10 build/obj/st_lld.o
 .text.port_lock_from_isr
                0x0000000000003bf0       0x10 build/obj/st_lld.o
 .text.port_unlock_from_isr
                0x0000000000003c00       0x10 build/obj/st_lld.o
 .text.chSysLockFromISR
                0x0000000000003c10       0x10 build/obj/st_lld.o
 .text.chSysUnlockFromISR
                0x0000000000003c20       0x10 build/obj/st_lld.o
 .text.osalSysLockFromISR
                0x0000000000003c30       0x10 build/obj/st_lld.o
 .text.osalSysUnlockFromISR
                0x0000000000003c40       0x10 build/obj/st_lld.o
 .text.osalOsTimerHandlerI
                0x0000000000003c50       0x10 build/obj/st_lld.o
 .text.VectorB0
                0x0000000000003c60       0x40 build/obj/st_lld.o
                0x0000000000003c60                VectorB0
 .text.st_lld_init
                0x0000000000003ca0       0x70 build/obj/st_lld.o
                0x0000000000003ca0                st_lld_init
 .text.port_lock
                0x0000000000003d10       0x10 build/obj/adc_lld.o
 .text.port_unlock
                0x0000000000003d20       0x10 build/obj/adc_lld.o
 .text.port_lock_from_isr
                0x0000000000003d30       0x10 build/obj/adc_lld.o
 .text.port_unlock_from_isr
                0x0000000000003d40       0x10 build/obj/adc_lld.o
 .text.chSysLockFromISR
                0x0000000000003d50       0x10 build/obj/adc_lld.o
 .text.chSysUnlockFromISR
                0x0000000000003d60       0x10 build/obj/adc_lld.o
 .text.osalSysLockFromISR
                0x0000000000003d70       0x10 build/obj/adc_lld.o
 .text.osalSysUnlockFromISR
                0x0000000000003d80       0x10 build/obj/adc_lld.o
 .text.osalThreadResumeI
                0x0000000000003d90       0x20 build/obj/adc_lld.o
 .text.Vector88
                0x0000000000003db0      0x1a0 build/obj/adc_lld.o
                0x0000000000003db0                Vector88
 .text.adc_lld_init
                0x0000000000003f50       0x90 build/obj/adc_lld.o
                0x0000000000003f50                adc_lld_init
 .text.adc_lld_stop_conversion
                0x0000000000003fe0       0x60 build/obj/adc_lld.o
                0x0000000000003fe0                adc_lld_stop_conversion
 .text.initgpio
                0x0000000000004040       0x50 build/obj/pal_lld.o
 .text._pal_lld_init
                0x0000000000004090       0xc0 build/obj/pal_lld.o
                0x0000000000004090                _pal_lld_init
 .text._pal_lld_setgroupmode
                0x0000000000004150      0x130 build/obj/pal_lld.o
                0x0000000000004150                _pal_lld_setgroupmode
 .text.port_lock
                0x0000000000004280       0x10 build/obj/serial_lld.o
 .text.port_unlock
                0x0000000000004290       0x10 build/obj/serial_lld.o
 .text.port_lock_from_isr
                0x00000000000042a0       0x10 build/obj/serial_lld.o
 .text.port_unlock_from_isr
                0x00000000000042b0       0x10 build/obj/serial_lld.o
 .text.chSysLockFromISR
                0x00000000000042c0       0x10 build/obj/serial_lld.o
 .text.chSysUnlockFromISR
                0x00000000000042d0       0x10 build/obj/serial_lld.o
 .text.chOQIsEmptyI
                0x00000000000042e0       0x40 build/obj/serial_lld.o
 .text.osalSysLockFromISR
                0x0000000000004320       0x10 build/obj/serial_lld.o
 .text.osalSysUnlockFromISR
                0x0000000000004330       0x10 build/obj/serial_lld.o
 .text.osalEventBroadcastFlagsI
                0x0000000000004340       0x20 build/obj/serial_lld.o
 .text.usart_init
                0x0000000000004360       0xa0 build/obj/serial_lld.o
 .text.set_error
                0x0000000000004400       0x80 build/obj/serial_lld.o
 .text.serve_interrupt
                0x0000000000004480      0x140 build/obj/serial_lld.o
 .text.notify1  0x00000000000045c0       0x20 build/obj/serial_lld.o
 .text.VectorD4
                0x00000000000045e0       0x20 build/obj/serial_lld.o
                0x00000000000045e0                VectorD4
 .text.sd_lld_init
                0x0000000000004600       0x30 build/obj/serial_lld.o
                0x0000000000004600                sd_lld_init
 .text.sd_lld_start
                0x0000000000004630       0x50 build/obj/serial_lld.o
                0x0000000000004630                sd_lld_start
 .text.__early_init
                0x0000000000004680       0x10 build/obj/board.o
                0x0000000000004680                __early_init
 .text.boardInit
                0x0000000000004690       0x10 build/obj/board.o
                0x0000000000004690                boardInit
 *(.rodata)
 .rodata        0x00000000000046a0        0x8 build/obj/chsys.o
 *fill*         0x00000000000046a8        0x8 
 .rodata        0x00000000000046b0       0x58 build/obj/chdebug.o
 *fill*         0x0000000000004708        0x8 
 .rodata        0x0000000000004710       0x10 build/obj/chschd.o
 *(.rodata.*)
 .rodata.__func__.6011
                0x0000000000004720        0xc build/obj/chsys.o
 *fill*         0x000000000000472c        0x4 
 .rodata.__func__.6628
                0x0000000000004730        0xc build/obj/chvt.o
 *fill*         0x000000000000473c        0x4 
 .rodata.__func__.6636
                0x0000000000004740       0x10 build/obj/chvt.o
 .rodata.__func__.6625
                0x0000000000004750        0xc build/obj/chschd.o
 *fill*         0x000000000000475c        0x4 
 .rodata.__func__.6637
                0x0000000000004760       0x10 build/obj/chthreads.o
 .rodata.__func__.5925
                0x0000000000004770        0xc build/obj/chthreads.o
 *fill*         0x000000000000477c        0x4 
 .rodata.__func__.6653
                0x0000000000004780       0x14 build/obj/chthreads.o
 *fill*         0x0000000000004794        0xc 
 .rodata.__func__.6096
                0x00000000000047a0        0xc build/obj/chthreads.o
 *fill*         0x00000000000047ac        0x4 
 .rodata.__func__.6681
                0x00000000000047b0        0xc build/obj/chthreads.o
 *fill*         0x00000000000047bc        0x4 
 .rodata.__func__.6686
                0x00000000000047c0        0xc build/obj/chthreads.o
 *fill*         0x00000000000047cc        0x4 
 .rodata.__func__.6703
                0x00000000000047d0       0x10 build/obj/chthreads.o
 .rodata.__func__.6108
                0x00000000000047e0       0x14 build/obj/chthreads.o
 *fill*         0x00000000000047f4        0xc 
 .rodata.__func__.5925
                0x0000000000004800        0xc build/obj/chdynamic.o
 *fill*         0x000000000000480c        0x4 
 .rodata.__func__.6625
                0x0000000000004810       0x10 build/obj/chdynamic.o
 .rodata.ch_debug
                0x0000000000004820       0x18 build/obj/chregistry.o
                0x0000000000004820                ch_debug
 *fill*         0x0000000000004838        0x8 
 .rodata.__func__.6621
                0x0000000000004840       0x10 build/obj/chsem.o
 .rodata.__func__.6652
                0x0000000000004850       0x14 build/obj/chsem.o
 *fill*         0x0000000000004864        0xc 
 .rodata.__func__.6660
                0x0000000000004870       0x10 build/obj/chsem.o
 .rodata.__func__.6620
                0x0000000000004880       0x10 build/obj/chmtx.o
 .rodata.__func__.5925
                0x0000000000004890        0xc build/obj/chmtx.o
 *fill*         0x000000000000489c        0x4 
 .rodata.__func__.6628
                0x00000000000048a0        0xc build/obj/chmtx.o
 *fill*         0x00000000000048ac        0x4 
 .rodata.__func__.6651
                0x00000000000048b0        0xc build/obj/chmtx.o
 *fill*         0x00000000000048bc        0x4 
 .rodata.__func__.6645
                0x00000000000048c0       0x18 build/obj/chevents.o
 *fill*         0x00000000000048d8        0x8 
 .rodata.__func__.6662
                0x00000000000048e0       0x10 build/obj/chevents.o
 .rodata.__func__.6622
                0x00000000000048f0       0x10 build/obj/chmboxes.o
 .rodata.__func__.5925
                0x0000000000004900        0xc build/obj/chmboxes.o
 *fill*         0x000000000000490c        0x4 
 .rodata.__func__.6642
                0x0000000000004910        0xc build/obj/chmboxes.o
 *fill*         0x000000000000491c        0x4 
 .rodata.__func__.6678
                0x0000000000004920        0xc build/obj/chmboxes.o
 *fill*         0x000000000000492c        0x4 
 .rodata.__func__.5925
                0x0000000000004930        0xc build/obj/chqueues.o
 *fill*         0x000000000000493c        0x4 
 .rodata.__func__.6648
                0x0000000000004940       0x10 build/obj/chqueues.o
 .rodata.__func__.6684
                0x0000000000004950       0x14 build/obj/chqueues.o
 *fill*         0x0000000000004964        0xc 
 .rodata.__func__.5925
                0x0000000000004970        0xc build/obj/chmemcore.o
 *fill*         0x000000000000497c        0x4 
 .rodata.__func__.6644
                0x0000000000004980        0xc build/obj/chheap.o
 *fill*         0x000000000000498c        0x4 
 .rodata.__func__.5925
                0x0000000000004990        0xc build/obj/chmempools.o
 *fill*         0x000000000000499c        0x4 
 .rodata.__func__.6646
                0x00000000000049a0        0xc build/obj/chmempools.o
 *fill*         0x00000000000049ac        0x4 
 .rodata.__func__.7143
                0x00000000000049b0       0x10 build/obj/st.o
 .rodata.__func__.7150
                0x00000000000049c0        0xc build/obj/st.o
 *fill*         0x00000000000049cc        0x4 
 .rodata.vmt    0x00000000000049d0       0x20 build/obj/serial.o
 .rodata.__func__.7188
                0x00000000000049f0        0x8 build/obj/serial.o
 *fill*         0x00000000000049f8        0x8 
 .rodata.__func__.5925
                0x0000000000004a00        0xc build/obj/serial.o
 *fill*         0x0000000000004a0c        0x4 
 .rodata.__func__.7197
                0x0000000000004a10       0x10 build/obj/serial.o
 .rodata._stm32_dma_streams
                0x0000000000004a20       0xc0 build/obj/stm32_dma.o
                0x0000000000004a20                _stm32_dma_streams
 .rodata.default_config
                0x0000000000004ae0        0xc build/obj/serial_lld.o
 *fill*         0x0000000000004aec        0x4 
 .rodata.pal_default_config
                0x0000000000004af0       0xfc build/obj/board.o
                0x0000000000004af0                pal_default_config
 *(.glue_7t)
 .glue_7t       0x0000000000004bec        0x0 linker stubs
 *(.glue_7)
 .glue_7        0x0000000000004bec        0x0 linker stubs
 *(.gcc*)

.vfp11_veneer   0x0000000000004bec        0x0 load address 0x0000000008004bec
 .vfp11_veneer  0x0000000000004bec        0x0 linker stubs

.v4_bx          0x0000000000004bec        0x0 load address 0x0000000008004bec
 .v4_bx         0x0000000000004bec        0x0 linker stubs

.iplt           0x0000000000004bec        0x0 load address 0x0000000008004bec
 .iplt          0x0000000000004bec        0x0 build/obj/crt0_v7m.o

.rel.dyn        0x0000000000004bec        0x0 load address 0x0000000008004bec
 .rel.iplt      0x0000000000004bec        0x0 build/obj/crt0_v7m.o

.ARM.extab
 *(.ARM.extab* .gnu.linkonce.armextab.*)

.ARM.exidx      0x0000000000004bec        0x0 load address 0x0000000008004bec
                0x0000000000004bec                PROVIDE (__exidx_start, .)
 *(.ARM.exidx* .gnu.linkonce.armexidx.*)
                0x0000000000004bec                PROVIDE (__exidx_end, .)

.eh_frame_hdr
 *(.eh_frame_hdr)

.eh_frame
 *(.eh_frame)

.textalign      0x0000000000004bec        0x4 load address 0x0000000008004bec
                0x0000000000004bf0                . = ALIGN (0x8)
 *fill*         0x0000000000004bec        0x4 
                0x0000000000004bf0                . = ALIGN (0x4)
                0x0000000000004bf0                _etext = .
                0x0000000000004bf0                _textdata = _etext

.mstack         0x0000000020000000      0x400
                0x0000000020000000                . = ALIGN (0x8)
                0x0000000020000000                __main_stack_base__ = .
                0x0000000020000400                . = (. + __main_stack_size__)
 *fill*         0x0000000020000000      0x400 
                0x0000000020000400                . = ALIGN (0x8)
                0x0000000020000400                __main_stack_end__ = .

.pstack         0x0000000020000400      0x400
                0x0000000020000400                __process_stack_base__ = .
                0x0000000020000400                __main_thread_stack_base__ = .
                0x0000000020000800                . = (. + __process_stack_size__)
 *fill*         0x0000000020000400      0x400 
                0x0000000020000800                . = ALIGN (0x8)
                0x0000000020000800                __process_stack_end__ = .
                0x0000000020000800                __main_thread_stack_end__ = .

.data           0x0000000020000800        0x0 load address 0x0000000008004bec
                0x0000000020000800                . = ALIGN (0x4)
                0x0000000020000800                PROVIDE (_data, .)
 *(.data)
 *(.data.*)
 *(.ramtext)
                0x0000000020000800                . = ALIGN (0x4)
                0x0000000020000800                PROVIDE (_edata, .)

.igot.plt       0x0000000020000800        0x0 load address 0x0000000008004bec
 .igot.plt      0x0000000020000800        0x0 build/obj/crt0_v7m.o

.bss            0x0000000020000800      0xa78 load address 0x0000000008004bec
                0x0000000020000800                . = ALIGN (0x4)
                0x0000000020000800                PROVIDE (_bss_start, .)
 *(.bss)
 *(.bss.*)
 .bss.serialListen
                0x0000000020000800      0x128 build/obj/main.o
 .bss.serialTalk
                0x0000000020000928      0x128 build/obj/main.o
 .bss.cca_exp_io_mode
                0x0000000020000a50        0x1 build/obj/main.o
                0x0000000020000a50                cca_exp_io_mode
 *fill*         0x0000000020000a51        0x3 
 .bss.txMailboxArea
                0x0000000020000a54       0x40 build/obj/protocol.o
 .bss.serialMbox
                0x0000000020000a94       0x28 build/obj/protocol.o
                0x0000000020000a94                serialMbox
 .bss.buffer    0x0000000020000abc        0x4 build/obj/protocol.o
                0x0000000020000abc                buffer
 .bss.ch        0x0000000020000ac0      0x5d8 build/obj/chschd.o
                0x0000000020000ac0                ch
 .bss.nextmem   0x0000000020001098        0x4 build/obj/chmemcore.o
 .bss.endmem    0x000000002000109c        0x4 build/obj/chmemcore.o
 .bss.default_heap
                0x00000000200010a0       0x20 build/obj/chheap.o
 .bss.dma_streams_mask
                0x00000000200010c0        0x4 build/obj/stm32_dma.o
 .bss.dma_isr_redir
                0x00000000200010c4       0x80 build/obj/stm32_dma.o
 .bss.ADCD1     0x0000000020001144       0x34 build/obj/adc_lld.o
                0x0000000020001144                ADCD1
 .bss.ADCD2     0x0000000020001178       0x34 build/obj/adc_lld.o
                0x0000000020001178                ADCD2
 .bss.ADCD3     0x00000000200011ac       0x34 build/obj/adc_lld.o
                0x00000000200011ac                ADCD3
 .bss.SD1       0x00000000200011e0       0x98 build/obj/serial_lld.o
                0x00000000200011e0                SD1
 *(COMMON)
                0x0000000020001278                . = ALIGN (0x4)
                0x0000000020001278                PROVIDE (_bss_end, .)
                0x0000000020001278                PROVIDE (end, .)

.ram0           0x0000000020001278        0x0 load address 0x0000000008004bec
                0x0000000020001278                . = ALIGN (0x4)
 *(.ram0)
 *(.ram0.*)
                0x0000000020001278                . = ALIGN (0x4)
                0x0000000020001278                __ram0_free__ = .

.ram1           0x0000000020000000        0x0
                0x0000000020000000                . = ALIGN (0x4)
 *(.ram1)
 *(.ram1.*)
                0x0000000020000000                . = ALIGN (0x4)
                0x0000000020000000                __ram1_free__ = .

.ram2           0x000000002001c000        0x0
                0x000000002001c000                . = ALIGN (0x4)
 *(.ram2)
 *(.ram2.*)
                0x000000002001c000                . = ALIGN (0x4)
                0x000000002001c000                __ram2_free__ = .

.ram3           0x0000000000000000        0x0
                0x0000000000000000                . = ALIGN (0x4)
 *(.ram3)
 *(.ram3.*)
                0x0000000000000000                . = ALIGN (0x4)
                0x0000000000000000                __ram3_free__ = .

.ram4           0x0000000010000000        0x0
                0x0000000010000000                . = ALIGN (0x4)
 *(.ram4)
 *(.ram4.*)
                0x0000000010000000                . = ALIGN (0x4)
                0x0000000010000000                __ram4_free__ = .

.ram5           0x0000000040024000        0x0
                0x0000000040024000                . = ALIGN (0x4)
 *(.ram5)
 *(.ram5.*)
                0x0000000040024000                . = ALIGN (0x4)
                0x0000000040024000                __ram5_free__ = .

.ram6           0x0000000000000000        0x0
                0x0000000000000000                . = ALIGN (0x4)
 *(.ram6)
 *(.ram6.*)
                0x0000000000000000                . = ALIGN (0x4)
                0x0000000000000000                __ram6_free__ = .

.ram7           0x0000000000000000        0x0
                0x0000000000000000                . = ALIGN (0x4)
 *(.ram7)
 *(.ram7.*)
                0x0000000000000000                . = ALIGN (0x4)
                0x0000000000000000                __ram7_free__ = .

.heap           0x0000000020001278    0x1ed88
                0x0000000020001278                . = ALIGN (0x8)
                0x0000000020001278                __heap_base__ = .
                0x0000000020020000                . = (ORIGIN (HEAP_RAM) + 0x20000)
 *fill*         0x0000000020001278    0x1ed88 
                0x0000000020020000                __heap_end__ = .
                0x0000000000000400                __process_stack_size__ = 0x400
                0x0000000000000400                __main_stack_size__ = 0x400
START GROUP
LOAD /usr/lib/gcc/arm-none-eabi/4.8/armv7e-m/libgcc.a
LOAD /usr/lib/gcc/arm-none-eabi/4.8/../../../arm-none-eabi/lib/armv7e-m/libg.a
LOAD /usr/lib/gcc/arm-none-eabi/4.8/../../../arm-none-eabi/lib/armv7e-m/libc.a
END GROUP
OUTPUT(build/ch.elf elf32-littlearm)

.ARM.attributes
                0x0000000000000000       0x2f
 .ARM.attributes
                0x0000000000000000       0x21 build/obj/crt0_v7m.o
 .ARM.attributes
                0x0000000000000021       0x21 build/obj/chcoreasm_v7m.o
 .ARM.attributes
                0x0000000000000042       0x33 build/obj/main.o
 .ARM.attributes
                0x0000000000000075       0x33 build/obj/protocol.o
 .ARM.attributes
                0x00000000000000a8       0x33 build/obj/crt1.o
 .ARM.attributes
                0x00000000000000db       0x33 build/obj/vectors.o
 .ARM.attributes
                0x000000000000010e       0x33 build/obj/chsys.o
 .ARM.attributes
                0x0000000000000141       0x33 build/obj/chdebug.o
 .ARM.attributes
                0x0000000000000174       0x33 build/obj/chvt.o
 .ARM.attributes
                0x00000000000001a7       0x33 build/obj/chschd.o
 .ARM.attributes
                0x00000000000001da       0x33 build/obj/chthreads.o
 .ARM.attributes
                0x000000000000020d       0x33 build/obj/chtm.o
 .ARM.attributes
                0x0000000000000240       0x33 build/obj/chstats.o
 .ARM.attributes
                0x0000000000000273       0x33 build/obj/chdynamic.o
 .ARM.attributes
                0x00000000000002a6       0x33 build/obj/chregistry.o
 .ARM.attributes
                0x00000000000002d9       0x33 build/obj/chsem.o
 .ARM.attributes
                0x000000000000030c       0x33 build/obj/chmtx.o
 .ARM.attributes
                0x000000000000033f       0x33 build/obj/chevents.o
 .ARM.attributes
                0x0000000000000372       0x33 build/obj/chmboxes.o
 .ARM.attributes
                0x00000000000003a5       0x33 build/obj/chqueues.o
 .ARM.attributes
                0x00000000000003d8       0x33 build/obj/chmemcore.o
 .ARM.attributes
                0x000000000000040b       0x33 build/obj/chheap.o
 .ARM.attributes
                0x000000000000043e       0x33 build/obj/chmempools.o
 .ARM.attributes
                0x0000000000000471       0x33 build/obj/chcore_v7m.o
 .ARM.attributes
                0x00000000000004a4       0x33 build/obj/hal.o
 .ARM.attributes
                0x00000000000004d7       0x33 build/obj/st.o
 .ARM.attributes
                0x000000000000050a       0x33 build/obj/adc.o
 .ARM.attributes
                0x000000000000053d       0x33 build/obj/serial.o
 .ARM.attributes
                0x0000000000000570       0x33 build/obj/nvic.o
 .ARM.attributes
                0x00000000000005a3       0x33 build/obj/hal_lld.o
 .ARM.attributes
                0x00000000000005d6       0x33 build/obj/stm32_dma.o
 .ARM.attributes
                0x0000000000000609       0x33 build/obj/st_lld.o
 .ARM.attributes
                0x000000000000063c       0x33 build/obj/adc_lld.o
 .ARM.attributes
                0x000000000000066f       0x33 build/obj/pal_lld.o
 .ARM.attributes
                0x00000000000006a2       0x33 build/obj/serial_lld.o
 .ARM.attributes
                0x00000000000006d5       0x33 build/obj/board.o

.comment        0x0000000000000000       0x2d
 .comment       0x0000000000000000       0x2d build/obj/main.o
                                         0x2e (size before relaxing)
 .comment       0x000000000000002d       0x2e build/obj/protocol.o
 .comment       0x000000000000002d       0x2e build/obj/crt1.o
 .comment       0x000000000000002d       0x2e build/obj/vectors.o
 .comment       0x000000000000002d       0x2e build/obj/chsys.o
 .comment       0x000000000000002d       0x2e build/obj/chdebug.o
 .comment       0x000000000000002d       0x2e build/obj/chvt.o
 .comment       0x000000000000002d       0x2e build/obj/chschd.o
 .comment       0x000000000000002d       0x2e build/obj/chthreads.o
 .comment       0x000000000000002d       0x2e build/obj/chtm.o
 .comment       0x000000000000002d       0x2e build/obj/chstats.o
 .comment       0x000000000000002d       0x2e build/obj/chdynamic.o
 .comment       0x000000000000002d       0x2e build/obj/chregistry.o
 .comment       0x000000000000002d       0x2e build/obj/chsem.o
 .comment       0x000000000000002d       0x2e build/obj/chmtx.o
 .comment       0x000000000000002d       0x2e build/obj/chevents.o
 .comment       0x000000000000002d       0x2e build/obj/chmboxes.o
 .comment       0x000000000000002d       0x2e build/obj/chqueues.o
 .comment       0x000000000000002d       0x2e build/obj/chmemcore.o
 .comment       0x000000000000002d       0x2e build/obj/chheap.o
 .comment       0x000000000000002d       0x2e build/obj/chmempools.o
 .comment       0x000000000000002d       0x2e build/obj/chcore_v7m.o
 .comment       0x000000000000002d       0x2e build/obj/hal.o
 .comment       0x000000000000002d       0x2e build/obj/st.o
 .comment       0x000000000000002d       0x2e build/obj/adc.o
 .comment       0x000000000000002d       0x2e build/obj/serial.o
 .comment       0x000000000000002d       0x2e build/obj/nvic.o
 .comment       0x000000000000002d       0x2e build/obj/hal_lld.o
 .comment       0x000000000000002d       0x2e build/obj/stm32_dma.o
 .comment       0x000000000000002d       0x2e build/obj/st_lld.o
 .comment       0x000000000000002d       0x2e build/obj/adc_lld.o
 .comment       0x000000000000002d       0x2e build/obj/pal_lld.o
 .comment       0x000000000000002d       0x2e build/obj/serial_lld.o
 .comment       0x000000000000002d       0x2e build/obj/board.o

.debug_info     0x0000000000000000    0x19aa4
 .debug_info    0x0000000000000000      0x984 build/obj/main.o
 .debug_info    0x0000000000000984      0xdef build/obj/protocol.o
 .debug_info    0x0000000000001773       0xda build/obj/crt1.o
 .debug_info    0x000000000000184d      0x1e3 build/obj/vectors.o
 .debug_info    0x0000000000001a30     0x1739 build/obj/chsys.o
 .debug_info    0x0000000000003169      0xad9 build/obj/chdebug.o
 .debug_info    0x0000000000003c42      0xaba build/obj/chvt.o
 .debug_info    0x00000000000046fc      0xcc7 build/obj/chschd.o
 .debug_info    0x00000000000053c3     0x131b build/obj/chthreads.o
 .debug_info    0x00000000000066de      0xa3a build/obj/chtm.o
 .debug_info    0x0000000000007118      0x85a build/obj/chstats.o
 .debug_info    0x0000000000007972      0xb5c build/obj/chdynamic.o
 .debug_info    0x00000000000084ce      0xa3c build/obj/chregistry.o
 .debug_info    0x0000000000008f0a      0xd27 build/obj/chsem.o
 .debug_info    0x0000000000009c31      0xc74 build/obj/chmtx.o
 .debug_info    0x000000000000a8a5      0xe41 build/obj/chevents.o
 .debug_info    0x000000000000b6e6      0xd45 build/obj/chmboxes.o
 .debug_info    0x000000000000c42b      0xdb2 build/obj/chqueues.o
 .debug_info    0x000000000000d1dd      0x986 build/obj/chmemcore.o
 .debug_info    0x000000000000db63      0xa5a build/obj/chheap.o
 .debug_info    0x000000000000e5bd      0xb16 build/obj/chmempools.o
 .debug_info    0x000000000000f0d3      0xb66 build/obj/chcore_v7m.o
 .debug_info    0x000000000000fc39      0x8e7 build/obj/hal.o
 .debug_info    0x0000000000010520      0xa73 build/obj/st.o
 .debug_info    0x0000000000010f93     0x1128 build/obj/adc.o
 .debug_info    0x00000000000120bb     0x116a build/obj/serial.o
 .debug_info    0x0000000000013225      0xb5e build/obj/nvic.o
 .debug_info    0x0000000000013d83      0xa66 build/obj/hal_lld.o
 .debug_info    0x00000000000147e9      0xe7e build/obj/stm32_dma.o
 .debug_info    0x0000000000015667      0xc0f build/obj/st_lld.o
 .debug_info    0x0000000000016276     0x1183 build/obj/adc_lld.o
 .debug_info    0x00000000000173f9      0xcbb build/obj/pal_lld.o
 .debug_info    0x00000000000180b4     0x10fa build/obj/serial_lld.o
 .debug_info    0x00000000000191ae      0x8f6 build/obj/board.o

.debug_abbrev   0x0000000000000000     0x500e
 .debug_abbrev  0x0000000000000000      0x1da build/obj/main.o
 .debug_abbrev  0x00000000000001da      0x217 build/obj/protocol.o
 .debug_abbrev  0x00000000000003f1       0x65 build/obj/crt1.o
 .debug_abbrev  0x0000000000000456       0xc5 build/obj/vectors.o
 .debug_abbrev  0x000000000000051b      0x465 build/obj/chsys.o
 .debug_abbrev  0x0000000000000980      0x259 build/obj/chdebug.o
 .debug_abbrev  0x0000000000000bd9      0x24e build/obj/chvt.o
 .debug_abbrev  0x0000000000000e27      0x383 build/obj/chschd.o
 .debug_abbrev  0x00000000000011aa      0x367 build/obj/chthreads.o
 .debug_abbrev  0x0000000000001511      0x1fd build/obj/chtm.o
 .debug_abbrev  0x000000000000170e      0x1ab build/obj/chstats.o
 .debug_abbrev  0x00000000000018b9      0x281 build/obj/chdynamic.o
 .debug_abbrev  0x0000000000001b3a      0x226 build/obj/chregistry.o
 .debug_abbrev  0x0000000000001d60      0x2c4 build/obj/chsem.o
 .debug_abbrev  0x0000000000002024      0x2cf build/obj/chmtx.o
 .debug_abbrev  0x00000000000022f3      0x2db build/obj/chevents.o
 .debug_abbrev  0x00000000000025ce      0x2b9 build/obj/chmboxes.o
 .debug_abbrev  0x0000000000002887      0x2c4 build/obj/chqueues.o
 .debug_abbrev  0x0000000000002b4b      0x26e build/obj/chmemcore.o
 .debug_abbrev  0x0000000000002db9      0x257 build/obj/chheap.o
 .debug_abbrev  0x0000000000003010      0x270 build/obj/chmempools.o
 .debug_abbrev  0x0000000000003280      0x24b build/obj/chcore_v7m.o
 .debug_abbrev  0x00000000000034cb      0x18d build/obj/hal.o
 .debug_abbrev  0x0000000000003658      0x21c build/obj/st.o
 .debug_abbrev  0x0000000000003874      0x2d6 build/obj/adc.o
 .debug_abbrev  0x0000000000003b4a      0x315 build/obj/serial.o
 .debug_abbrev  0x0000000000003e5f      0x1e1 build/obj/nvic.o
 .debug_abbrev  0x0000000000004040      0x1c3 build/obj/hal_lld.o
 .debug_abbrev  0x0000000000004203      0x230 build/obj/stm32_dma.o
 .debug_abbrev  0x0000000000004433      0x200 build/obj/st_lld.o
 .debug_abbrev  0x0000000000004633      0x33c build/obj/adc_lld.o
 .debug_abbrev  0x000000000000496f      0x1fb build/obj/pal_lld.o
 .debug_abbrev  0x0000000000004b6a      0x304 build/obj/serial_lld.o
 .debug_abbrev  0x0000000000004e6e      0x1a0 build/obj/board.o

.debug_aranges  0x0000000000000000     0x10f8
 .debug_aranges
                0x0000000000000000       0x38 build/obj/main.o
 .debug_aranges
                0x0000000000000038       0x30 build/obj/protocol.o
 .debug_aranges
                0x0000000000000068       0x38 build/obj/crt1.o
 .debug_aranges
                0x00000000000000a0       0x20 build/obj/vectors.o
 .debug_aranges
                0x00000000000000c0      0x138 build/obj/chsys.o
 .debug_aranges
                0x00000000000001f8       0xb8 build/obj/chdebug.o
 .debug_aranges
                0x00000000000002b0       0x60 build/obj/chvt.o
 .debug_aranges
                0x0000000000000310       0xd0 build/obj/chschd.o
 .debug_aranges
                0x00000000000003e0      0x178 build/obj/chthreads.o
 .debug_aranges
                0x0000000000000558       0x50 build/obj/chtm.o
 .debug_aranges
                0x00000000000005a8       0x50 build/obj/chstats.o
 .debug_aranges
                0x00000000000005f8       0x58 build/obj/chdynamic.o
 .debug_aranges
                0x0000000000000650       0x48 build/obj/chregistry.o
 .debug_aranges
                0x0000000000000698       0xc0 build/obj/chsem.o
 .debug_aranges
                0x0000000000000758       0xa8 build/obj/chmtx.o
 .debug_aranges
                0x0000000000000800       0xc0 build/obj/chevents.o
 .debug_aranges
                0x00000000000008c0       0xa8 build/obj/chmboxes.o
 .debug_aranges
                0x0000000000000968       0xb8 build/obj/chqueues.o
 .debug_aranges
                0x0000000000000a20       0x58 build/obj/chmemcore.o
 .debug_aranges
                0x0000000000000a78       0x40 build/obj/chheap.o
 .debug_aranges
                0x0000000000000ab8       0x70 build/obj/chmempools.o
 .debug_aranges
                0x0000000000000b28       0x48 build/obj/chcore_v7m.o
 .debug_aranges
                0x0000000000000b70       0x28 build/obj/hal.o
 .debug_aranges
                0x0000000000000b98       0x68 build/obj/st.o
 .debug_aranges
                0x0000000000000c00       0xd0 build/obj/adc.o
 .debug_aranges
                0x0000000000000cd0       0xe0 build/obj/serial.o
 .debug_aranges
                0x0000000000000db0       0x38 build/obj/nvic.o
 .debug_aranges
                0x0000000000000de8       0x30 build/obj/hal_lld.o
 .debug_aranges
                0x0000000000000e18       0xb0 build/obj/stm32_dma.o
 .debug_aranges
                0x0000000000000ec8       0x70 build/obj/st_lld.o
 .debug_aranges
                0x0000000000000f38       0xb8 build/obj/adc_lld.o
 .debug_aranges
                0x0000000000000ff0       0x30 build/obj/pal_lld.o
 .debug_aranges
                0x0000000000001020       0xb0 build/obj/serial_lld.o
 .debug_aranges
                0x00000000000010d0       0x28 build/obj/board.o

.debug_ranges   0x0000000000000000      0xed8
 .debug_ranges  0x0000000000000000       0x28 build/obj/main.o
 .debug_ranges  0x0000000000000028       0x20 build/obj/protocol.o
 .debug_ranges  0x0000000000000048       0x28 build/obj/crt1.o
 .debug_ranges  0x0000000000000070       0x10 build/obj/vectors.o
 .debug_ranges  0x0000000000000080      0x128 build/obj/chsys.o
 .debug_ranges  0x00000000000001a8       0xa8 build/obj/chdebug.o
 .debug_ranges  0x0000000000000250       0x50 build/obj/chvt.o
 .debug_ranges  0x00000000000002a0       0xc0 build/obj/chschd.o
 .debug_ranges  0x0000000000000360      0x168 build/obj/chthreads.o
 .debug_ranges  0x00000000000004c8       0x40 build/obj/chtm.o
 .debug_ranges  0x0000000000000508       0x40 build/obj/chstats.o
 .debug_ranges  0x0000000000000548       0x48 build/obj/chdynamic.o
 .debug_ranges  0x0000000000000590       0x38 build/obj/chregistry.o
 .debug_ranges  0x00000000000005c8       0xb0 build/obj/chsem.o
 .debug_ranges  0x0000000000000678       0x98 build/obj/chmtx.o
 .debug_ranges  0x0000000000000710       0xb0 build/obj/chevents.o
 .debug_ranges  0x00000000000007c0       0x98 build/obj/chmboxes.o
 .debug_ranges  0x0000000000000858       0xa8 build/obj/chqueues.o
 .debug_ranges  0x0000000000000900       0x48 build/obj/chmemcore.o
 .debug_ranges  0x0000000000000948       0x30 build/obj/chheap.o
 .debug_ranges  0x0000000000000978       0x60 build/obj/chmempools.o
 .debug_ranges  0x00000000000009d8       0x38 build/obj/chcore_v7m.o
 .debug_ranges  0x0000000000000a10       0x18 build/obj/hal.o
 .debug_ranges  0x0000000000000a28       0x58 build/obj/st.o
 .debug_ranges  0x0000000000000a80       0xc0 build/obj/adc.o
 .debug_ranges  0x0000000000000b40       0xd0 build/obj/serial.o
 .debug_ranges  0x0000000000000c10       0x28 build/obj/nvic.o
 .debug_ranges  0x0000000000000c38       0x20 build/obj/hal_lld.o
 .debug_ranges  0x0000000000000c58       0xa0 build/obj/stm32_dma.o
 .debug_ranges  0x0000000000000cf8       0x60 build/obj/st_lld.o
 .debug_ranges  0x0000000000000d58       0xa8 build/obj/adc_lld.o
 .debug_ranges  0x0000000000000e00       0x20 build/obj/pal_lld.o
 .debug_ranges  0x0000000000000e20       0xa0 build/obj/serial_lld.o
 .debug_ranges  0x0000000000000ec0       0x18 build/obj/board.o

.debug_line     0x0000000000000000     0x7a60
 .debug_line    0x0000000000000000      0x274 build/obj/main.o
 .debug_line    0x0000000000000274      0x32f build/obj/protocol.o
 .debug_line    0x00000000000005a3      0x129 build/obj/crt1.o
 .debug_line    0x00000000000006cc       0xfb build/obj/vectors.o
 .debug_line    0x00000000000007c7      0x65c build/obj/chsys.o
 .debug_line    0x0000000000000e23      0x43d build/obj/chdebug.o
 .debug_line    0x0000000000001260      0x32f build/obj/chvt.o
 .debug_line    0x000000000000158f      0x4d8 build/obj/chschd.o
 .debug_line    0x0000000000001a67      0x6fb build/obj/chthreads.o
 .debug_line    0x0000000000002162      0x257 build/obj/chtm.o
 .debug_line    0x00000000000023b9      0x243 build/obj/chstats.o
 .debug_line    0x00000000000025fc      0x352 build/obj/chdynamic.o
 .debug_line    0x000000000000294e      0x2c8 build/obj/chregistry.o
 .debug_line    0x0000000000002c16      0x516 build/obj/chsem.o
 .debug_line    0x000000000000312c      0x459 build/obj/chmtx.o
 .debug_line    0x0000000000003585      0x48f build/obj/chevents.o
 .debug_line    0x0000000000003a14      0x407 build/obj/chmboxes.o
 .debug_line    0x0000000000003e1b      0x4a1 build/obj/chqueues.o
 .debug_line    0x00000000000042bc      0x2db build/obj/chmemcore.o
 .debug_line    0x0000000000004597      0x2e8 build/obj/chheap.o
 .debug_line    0x000000000000487f      0x379 build/obj/chmempools.o
 .debug_line    0x0000000000004bf8      0x27b build/obj/chcore_v7m.o
 .debug_line    0x0000000000004e73      0x255 build/obj/hal.o
 .debug_line    0x00000000000050c8      0x2df build/obj/st.o
 .debug_line    0x00000000000053a7      0x581 build/obj/adc.o
 .debug_line    0x0000000000005928      0x54c build/obj/serial.o
 .debug_line    0x0000000000005e74      0x222 build/obj/nvic.o
 .debug_line    0x0000000000006096      0x2ca build/obj/hal_lld.o
 .debug_line    0x0000000000006360      0x44d build/obj/stm32_dma.o
 .debug_line    0x00000000000067ad      0x35b build/obj/st_lld.o
 .debug_line    0x0000000000006b08      0x58e build/obj/adc_lld.o
 .debug_line    0x0000000000007096      0x277 build/obj/pal_lld.o
 .debug_line    0x000000000000730d      0x4e7 build/obj/serial_lld.o
 .debug_line    0x00000000000077f4      0x26c build/obj/board.o

.debug_str      0x0000000000000000     0x3066
 .debug_str     0x0000000000000000      0x63b build/obj/main.o
                                        0x6dc (size before relaxing)
 .debug_str     0x000000000000063b      0x226 build/obj/protocol.o
                                        0x8a7 (size before relaxing)
 .debug_str     0x0000000000000861       0x72 build/obj/crt1.o
                                        0x1ce (size before relaxing)
 .debug_str     0x00000000000008d3      0x163 build/obj/vectors.o
                                        0x2db (size before relaxing)
 .debug_str     0x0000000000000a36      0xafb build/obj/chsys.o
                                       0x1111 (size before relaxing)
 .debug_str     0x0000000000001531      0x11b build/obj/chdebug.o
                                        0x7b6 (size before relaxing)
 .debug_str     0x000000000000164c       0x71 build/obj/chvt.o
                                        0x6f9 (size before relaxing)
 .debug_str     0x00000000000016bd      0x155 build/obj/chschd.o
                                        0x7cc (size before relaxing)
 .debug_str     0x0000000000001812      0x246 build/obj/chthreads.o
                                        0x929 (size before relaxing)
 .debug_str     0x0000000000001a58       0x90 build/obj/chtm.o
                                        0x733 (size before relaxing)
 .debug_str     0x0000000000001ae8       0xca build/obj/chstats.o
                                        0x69d (size before relaxing)
 .debug_str     0x0000000000001bb2      0x10b build/obj/chdynamic.o
                                        0x74f (size before relaxing)
 .debug_str     0x0000000000001cbd       0x4a build/obj/chregistry.o
                                        0x770 (size before relaxing)
 .debug_str     0x0000000000001d07       0xdd build/obj/chsem.o
                                        0x749 (size before relaxing)
 .debug_str     0x0000000000001de4       0xb2 build/obj/chmtx.o
                                        0x716 (size before relaxing)
 .debug_str     0x0000000000001e96      0x177 build/obj/chevents.o
                                        0x82e (size before relaxing)
 .debug_str     0x000000000000200d       0xd9 build/obj/chmboxes.o
                                        0x74d (size before relaxing)
 .debug_str     0x00000000000020e6       0xfd build/obj/chqueues.o
                                        0x7c1 (size before relaxing)
 .debug_str     0x00000000000021e3       0x7c build/obj/chmemcore.o
                                        0x6af (size before relaxing)
 .debug_str     0x000000000000225f       0x78 build/obj/chheap.o
                                        0x6c1 (size before relaxing)
 .debug_str     0x00000000000022d7       0x84 build/obj/chmempools.o
                                        0x70c (size before relaxing)
 .debug_str     0x000000000000235b       0x87 build/obj/chcore_v7m.o
                                        0x71b (size before relaxing)
 .debug_str     0x00000000000023e2       0xc8 build/obj/hal.o
                                        0x6a1 (size before relaxing)
 .debug_str     0x00000000000024aa       0xbe build/obj/st.o
                                        0x6e1 (size before relaxing)
 .debug_str     0x0000000000002568      0x340 build/obj/adc.o
                                        0x997 (size before relaxing)
 .debug_str     0x00000000000028a8       0xda build/obj/serial.o
                                        0x8ea (size before relaxing)
 .debug_str     0x0000000000002982       0x85 build/obj/nvic.o
                                        0x72b (size before relaxing)
 .debug_str     0x0000000000002a07      0x16c build/obj/hal_lld.o
                                        0x792 (size before relaxing)
 .debug_str     0x0000000000002b73      0x184 build/obj/stm32_dma.o
                                        0x8e3 (size before relaxing)
 .debug_str     0x0000000000002cf7       0xad build/obj/st_lld.o
                                        0x834 (size before relaxing)
 .debug_str     0x0000000000002da4      0x141 build/obj/adc_lld.o
                                        0xb31 (size before relaxing)
 .debug_str     0x0000000000002ee5       0x94 build/obj/pal_lld.o
                                        0x85e (size before relaxing)
 .debug_str     0x0000000000002f79       0xa6 build/obj/serial_lld.o
                                        0xa20 (size before relaxing)
 .debug_str     0x000000000000301f       0x47 build/obj/board.o
                                        0x6c8 (size before relaxing)

.debug_frame    0x0000000000000000     0x2e0c
 .debug_frame   0x0000000000000000       0x68 build/obj/main.o
 .debug_frame   0x0000000000000068       0x64 build/obj/protocol.o
 .debug_frame   0x00000000000000cc       0x50 build/obj/crt1.o
 .debug_frame   0x000000000000011c       0x20 build/obj/vectors.o
 .debug_frame   0x000000000000013c      0x378 build/obj/chsys.o
 .debug_frame   0x00000000000004b4      0x218 build/obj/chdebug.o
 .debug_frame   0x00000000000006cc       0xf4 build/obj/chvt.o
 .debug_frame   0x00000000000007c0      0x264 build/obj/chschd.o
 .debug_frame   0x0000000000000a24      0x468 build/obj/chthreads.o
 .debug_frame   0x0000000000000e8c       0xb8 build/obj/chtm.o
 .debug_frame   0x0000000000000f44       0xc8 build/obj/chstats.o
 .debug_frame   0x000000000000100c       0xe0 build/obj/chdynamic.o
 .debug_frame   0x00000000000010ec       0xa8 build/obj/chregistry.o
 .debug_frame   0x0000000000001194      0x21c build/obj/chsem.o
 .debug_frame   0x00000000000013b0      0x1d0 build/obj/chmtx.o
 .debug_frame   0x0000000000001580      0x244 build/obj/chevents.o
 .debug_frame   0x00000000000017c4      0x1f8 build/obj/chmboxes.o
 .debug_frame   0x00000000000019bc      0x228 build/obj/chqueues.o
 .debug_frame   0x0000000000001be4       0xc8 build/obj/chmemcore.o
 .debug_frame   0x0000000000001cac       0x9c build/obj/chheap.o
 .debug_frame   0x0000000000001d48      0x134 build/obj/chmempools.o
 .debug_frame   0x0000000000001e7c       0xa8 build/obj/chcore_v7m.o
 .debug_frame   0x0000000000001f24       0x3c build/obj/hal.o
 .debug_frame   0x0000000000001f60       0xf4 build/obj/st.o
 .debug_frame   0x0000000000002054      0x284 build/obj/adc.o
 .debug_frame   0x00000000000022d8      0x2b4 build/obj/serial.o
 .debug_frame   0x000000000000258c       0x68 build/obj/nvic.o
 .debug_frame   0x00000000000025f4       0x4c build/obj/hal_lld.o
 .debug_frame   0x0000000000002640      0x21c build/obj/stm32_dma.o
 .debug_frame   0x000000000000285c      0x134 build/obj/st_lld.o
 .debug_frame   0x0000000000002990      0x1f0 build/obj/adc_lld.o
 .debug_frame   0x0000000000002b80       0x54 build/obj/pal_lld.o
 .debug_frame   0x0000000000002bd4      0x1fc build/obj/serial_lld.o
 .debug_frame   0x0000000000002dd0       0x3c build/obj/board.o

Cross Reference Table

Symbol                                            File
ADCD1                                             build/obj/adc_lld.o
ADCD2                                             build/obj/adc_lld.o
ADCD3                                             build/obj/adc_lld.o
BusFault_Handler                                  build/obj/vectors.o
DebugMon_Handler                                  build/obj/vectors.o
HardFault_Handler                                 build/obj/vectors.o
MemManage_Handler                                 build/obj/vectors.o
NMI_Handler                                       build/obj/vectors.o
PendSV_Handler                                    build/obj/vectors.o
Reset_Handler                                     build/obj/crt0_v7m.o
SD1                                               build/obj/serial_lld.o
                                                  build/obj/protocol.o
SVC_Handler                                       build/obj/chcore_v7m.o
                                                  build/obj/vectors.o
SysTick_Handler                                   build/obj/vectors.o
SystemCoreClock                                   build/obj/hal_lld.o
TestThread                                        build/obj/test.o
UsageFault_Handler                                build/obj/vectors.o
Vector100                                         build/obj/vectors.o
Vector104                                         build/obj/vectors.o
Vector108                                         build/obj/vectors.o
Vector10C                                         build/obj/vectors.o
Vector110                                         build/obj/vectors.o
Vector114                                         build/obj/vectors.o
Vector118                                         build/obj/vectors.o
Vector11C                                         build/obj/vectors.o
Vector120                                         build/obj/stm32_dma.o
                                                  build/obj/vectors.o
Vector124                                         build/obj/stm32_dma.o
                                                  build/obj/vectors.o
Vector128                                         build/obj/stm32_dma.o
                                                  build/obj/vectors.o
Vector12C                                         build/obj/stm32_dma.o
                                                  build/obj/vectors.o
Vector130                                         build/obj/stm32_dma.o
                                                  build/obj/vectors.o
Vector134                                         build/obj/vectors.o
Vector138                                         build/obj/vectors.o
Vector13C                                         build/obj/vectors.o
Vector140                                         build/obj/vectors.o
Vector144                                         build/obj/vectors.o
Vector148                                         build/obj/vectors.o
Vector14C                                         build/obj/vectors.o
Vector150                                         build/obj/stm32_dma.o
                                                  build/obj/vectors.o
Vector154                                         build/obj/stm32_dma.o
                                                  build/obj/vectors.o
Vector158                                         build/obj/stm32_dma.o
                                                  build/obj/vectors.o
Vector15C                                         build/obj/vectors.o
Vector160                                         build/obj/vectors.o
Vector164                                         build/obj/vectors.o
Vector168                                         build/obj/vectors.o
Vector16C                                         build/obj/vectors.o
Vector170                                         build/obj/vectors.o
Vector174                                         build/obj/vectors.o
Vector178                                         build/obj/vectors.o
Vector17C                                         build/obj/vectors.o
Vector180                                         build/obj/vectors.o
Vector184                                         build/obj/vectors.o
Vector188                                         build/obj/vectors.o
Vector18C                                         build/obj/vectors.o
Vector190                                         build/obj/vectors.o
Vector194                                         build/obj/vectors.o
Vector198                                         build/obj/vectors.o
Vector19C                                         build/obj/vectors.o
Vector1A0                                         build/obj/vectors.o
Vector1A4                                         build/obj/vectors.o
Vector1A8                                         build/obj/vectors.o
Vector1AC                                         build/obj/vectors.o
Vector1B0                                         build/obj/vectors.o
Vector1B4                                         build/obj/vectors.o
Vector1B8                                         build/obj/vectors.o
Vector1BC                                         build/obj/vectors.o
Vector1C                                          build/obj/vectors.o
Vector20                                          build/obj/vectors.o
Vector24                                          build/obj/vectors.o
Vector28                                          build/obj/vectors.o
Vector34                                          build/obj/vectors.o
Vector40                                          build/obj/vectors.o
Vector44                                          build/obj/vectors.o
Vector48                                          build/obj/vectors.o
Vector4C                                          build/obj/vectors.o
Vector50                                          build/obj/vectors.o
Vector54                                          build/obj/vectors.o
Vector58                                          build/obj/vectors.o
Vector5C                                          build/obj/vectors.o
Vector60                                          build/obj/vectors.o
Vector64                                          build/obj/vectors.o
Vector68                                          build/obj/vectors.o
Vector6C                                          build/obj/stm32_dma.o
                                                  build/obj/vectors.o
Vector70                                          build/obj/stm32_dma.o
                                                  build/obj/vectors.o
Vector74                                          build/obj/stm32_dma.o
                                                  build/obj/vectors.o
Vector78                                          build/obj/stm32_dma.o
                                                  build/obj/vectors.o
Vector7C                                          build/obj/stm32_dma.o
                                                  build/obj/vectors.o
Vector80                                          build/obj/stm32_dma.o
                                                  build/obj/vectors.o
Vector84                                          build/obj/stm32_dma.o
                                                  build/obj/vectors.o
Vector88                                          build/obj/adc_lld.o
                                                  build/obj/vectors.o
Vector8C                                          build/obj/vectors.o
Vector90                                          build/obj/vectors.o
Vector94                                          build/obj/vectors.o
Vector98                                          build/obj/vectors.o
Vector9C                                          build/obj/vectors.o
VectorA0                                          build/obj/vectors.o
VectorA4                                          build/obj/vectors.o
VectorA8                                          build/obj/vectors.o
VectorAC                                          build/obj/vectors.o
VectorB0                                          build/obj/st_lld.o
                                                  build/obj/vectors.o
VectorB4                                          build/obj/vectors.o
VectorB8                                          build/obj/vectors.o
VectorBC                                          build/obj/vectors.o
VectorC0                                          build/obj/vectors.o
VectorC4                                          build/obj/vectors.o
VectorC8                                          build/obj/vectors.o
VectorCC                                          build/obj/vectors.o
VectorD0                                          build/obj/vectors.o
VectorD4                                          build/obj/serial_lld.o
                                                  build/obj/vectors.o
VectorD8                                          build/obj/vectors.o
VectorDC                                          build/obj/vectors.o
VectorE0                                          build/obj/vectors.o
VectorE4                                          build/obj/vectors.o
VectorE8                                          build/obj/vectors.o
VectorEC                                          build/obj/vectors.o
VectorF0                                          build/obj/vectors.o
VectorF4                                          build/obj/vectors.o
VectorF8                                          build/obj/vectors.o
VectorFC                                          build/obj/stm32_dma.o
                                                  build/obj/vectors.o
__core_init                                       build/obj/crt1.o
                                                  build/obj/crt0_v7m.o
__default_exit                                    build/obj/crt1.o
                                                  build/obj/crt0_v7m.o
__early_init                                      build/obj/board.o
                                                  build/obj/crt1.o
                                                  build/obj/crt0_v7m.o
__fini_array_end                                  build/obj/crt0_v7m.o
__fini_array_start                                build/obj/crt0_v7m.o
__heap_base__                                     build/obj/chmemcore.o
__heap_end__                                      build/obj/chmemcore.o
__init_array_end                                  build/obj/crt0_v7m.o
__init_array_start                                build/obj/crt0_v7m.o
__late_init                                       build/obj/crt1.o
                                                  build/obj/crt0_v7m.o
__main_stack_base__                               build/obj/crt0_v7m.o
__main_stack_end__                                build/obj/vectors.o
                                                  build/obj/crt0_v7m.o
__main_thread_stack_base__                        build/obj/chsys.o
__process_stack_base__                            build/obj/crt0_v7m.o