
Discarded input sections

 .data          0x0000000000000000        0x0 build/obj/crt0_v7m.o
 .bss           0x0000000000000000        0x0 build/obj/crt0_v7m.o
 .data          0x0000000000000000        0x0 build/obj/chcoreasm_v7m.o
 .bss           0x0000000000000000        0x0 build/obj/chcoreasm_v7m.o
 .text          0x0000000000000000        0x0 build/obj/crt1.o
 .data          0x0000000000000000        0x0 build/obj/crt1.o
 .bss           0x0000000000000000        0x0 build/obj/crt1.o
 .text.__early_init
                0x0000000000000000       0x10 build/obj/crt1.o
 .text          0x0000000000000000        0x0 build/obj/vectors.o
 .data          0x0000000000000000        0x0 build/obj/vectors.o
 .bss           0x0000000000000000        0x0 build/obj/vectors.o
 .text          0x0000000000000000        0x0 build/obj/chsys.o
 .data          0x0000000000000000        0x0 build/obj/chsys.o
 .bss           0x0000000000000000        0x0 build/obj/chsys.o
 .text.port_get_irq_status
                0x0000000000000000       0x20 build/obj/chsys.o
 .text.port_irq_enabled
                0x0000000000000000       0x20 build/obj/chsys.o
 .text.port_is_isr_context
                0x0000000000000000       0x20 build/obj/chsys.o
 .text.port_rt_get_counter_value
                0x0000000000000000       0x10 build/obj/chsys.o
 .text.chSysLock
                0x0000000000000000       0x10 build/obj/chsys.o
 .text.chSysUnlock
                0x0000000000000000       0x40 build/obj/chsys.o
 .text.chSysIntegrityCheckI
                0x0000000000000000      0x110 build/obj/chsys.o
 .text.chSysGetStatusAndLockX
                0x0000000000000000       0x40 build/obj/chsys.o
 .text.chSysRestoreStatusX
                0x0000000000000000       0x30 build/obj/chsys.o
 .text.chSysIsCounterWithinX
                0x0000000000000000       0x30 build/obj/chsys.o
 .text.chSysPolledDelayX
                0x0000000000000000       0x40 build/obj/chsys.o
 .rodata.__func__.5925
                0x0000000000000000        0xc build/obj/chsys.o
 .text          0x0000000000000000        0x0 build/obj/chdebug.o
 .data          0x0000000000000000        0x0 build/obj/chdebug.o
 .bss           0x0000000000000000        0x0 build/obj/chdebug.o
 .text._dbg_check_disable
                0x0000000000000000       0x30 build/obj/chdebug.o
 .text._dbg_check_suspend
                0x0000000000000000       0x30 build/obj/chdebug.o
 .text          0x0000000000000000        0x0 build/obj/chvt.o
 .data          0x0000000000000000        0x0 build/obj/chvt.o
 .bss           0x0000000000000000        0x0 build/obj/chvt.o
 .text          0x0000000000000000        0x0 build/obj/chschd.o
 .data          0x0000000000000000        0x0 build/obj/chschd.o
 .bss           0x0000000000000000        0x0 build/obj/chschd.o
 .text.chSchDoRescheduleBehind
                0x0000000000000000       0x70 build/obj/chschd.o
 .text          0x0000000000000000        0x0 build/obj/chthreads.o
 .data          0x0000000000000000        0x0 build/obj/chthreads.o
 .bss           0x0000000000000000        0x0 build/obj/chthreads.o
 .text.st_lld_get_counter
                0x0000000000000000       0x10 build/obj/chthreads.o
 .text.port_timer_get_time
                0x0000000000000000       0x10 build/obj/chthreads.o
 .text.list_insert
                0x0000000000000000       0x20 build/obj/chthreads.o
 .text.chSchCanYieldS
                0x0000000000000000       0x30 build/obj/chthreads.o
 .text.chSchDoYieldS
                0x0000000000000000       0x20 build/obj/chthreads.o
 .text.chVTGetSystemTimeX
                0x0000000000000000       0x10 build/obj/chthreads.o
 .text.chVTIsTimeWithinX
                0x0000000000000000       0x30 build/obj/chthreads.o
 .text.chThdGetSelfX
                0x0000000000000000       0x10 build/obj/chthreads.o
 .text.chThdStartI
                0x0000000000000000       0x30 build/obj/chthreads.o
 .text.chThdStart
                0x0000000000000000       0x20 build/obj/chthreads.o
 .text.chThdTerminate
                0x0000000000000000       0x30 build/obj/chthreads.o
 .text.chThdSleepUntil
                0x0000000000000000       0x30 build/obj/chthreads.o
 .text.chThdSleepUntilWindowed
                0x0000000000000000       0x40 build/obj/chthreads.o
 .text.chThdYield
                0x0000000000000000       0x10 build/obj/chthreads.o
 .text.chThdWait
                0x0000000000000000       0x80 build/obj/chthreads.o
 .text.chThdSuspendS
                0x0000000000000000       0x40 build/obj/chthreads.o
 .text.chThdSuspendTimeoutS
                0x0000000000000000       0x50 build/obj/chthreads.o
 .text.chThdResumeS
                0x0000000000000000       0x40 build/obj/chthreads.o
 .text.chThdResume
                0x0000000000000000       0x20 build/obj/chthreads.o
 .text.chThdDequeueAllI
                0x0000000000000000       0x30 build/obj/chthreads.o
 .rodata.__func__.6092
[...]
Memory Configuration

Name             Origin             Length             Attributes
flash            0x0000000008000000 0x0000000000100000
ram0             0x0000000020000000 0x0000000000020000
ram1             0x0000000020000000 0x000000000001c000
ram2             0x000000002001c000 0x0000000000004000
ram3             0x0000000000000000 0x0000000000000000
ram4             0x0000000010000000 0x0000000000010000
ram5             0x0000000040024000 0x0000000000001000
ram6             0x0000000000000000 0x0000000000000000
ram7             0x0000000000000000 0x0000000000000000
flash_itcm       0x0000000000000000 0xffffffffffffffff
*default*        0x0000000000000000 0xffffffffffffffff

Linker script and memory map

LOAD build/obj/crt0_v7m.o
LOAD build/obj/chcoreasm_v7m.o
LOAD build/obj/crt1.o
LOAD build/obj/vectors.o
LOAD build/obj/chsys.o
LOAD build/obj/chdebug.o
LOAD build/obj/chvt.o
LOAD build/obj/chschd.o
LOAD build/obj/chthreads.o
LOAD build/obj/chtm.o
LOAD build/obj/chstats.o
LOAD build/obj/chdynamic.o
LOAD build/obj/chregistry.o
LOAD build/obj/chsem.o
LOAD build/obj/chmtx.o
LOAD build/obj/chcond.o
LOAD build/obj/chevents.o
LOAD build/obj/chmsg.o
LOAD build/obj/chmboxes.o
LOAD build/obj/chqueues.o
LOAD build/obj/chmemcore.o
LOAD build/obj/chheap.o
LOAD build/obj/chmempools.o
LOAD build/obj/chcore.o
LOAD build/obj/chcore_v7m.o
LOAD build/obj/osal.o
LOAD build/obj/hal.o
LOAD build/obj/st.o
LOAD build/obj/hal_queues.o
LOAD build/obj/hal_mmcsd.o
LOAD build/obj/adc.o
LOAD build/obj/pal.o
LOAD build/obj/serial.o
LOAD build/obj/nvic.o
LOAD build/obj/hal_lld.o
LOAD build/obj/stm32_dma.o
LOAD build/obj/st_lld.o
LOAD build/obj/adc_lld.o
LOAD build/obj/pal_lld.o
LOAD build/obj/serial_lld.o
LOAD build/obj/board.o
LOAD build/obj/test.o
LOAD build/obj/testthd.o
LOAD build/obj/testsem.o
LOAD build/obj/testmtx.o
LOAD build/obj/testmsg.o
LOAD build/obj/testmbox.o
LOAD build/obj/testevt.o
LOAD build/obj/testheap.o
LOAD build/obj/testpools.o
LOAD build/obj/testdyn.o
LOAD build/obj/testqueues.o
LOAD build/obj/testsys.o
LOAD build/obj/testbmk.o
LOAD build/obj/main.o
LOAD build/obj/protocol.o
                0x0000000020000000                __ram0_start__ = ORIGIN (ram0)
                0x0000000000020000                __ram0_size__ = 0x20000
                0x0000000020020000                __ram0_end__ = (__ram0_start__ + __ram0_size__)
                0x0000000020000000                __ram1_start__ = ORIGIN (ram1)
                0x000000000001c000                __ram1_size__ = 0x1c000
                0x000000002001c000                __ram1_end__ = (__ram1_start__ + __ram1_size__)
                0x000000002001c000                __ram2_start__ = ORIGIN (ram2)
                0x0000000000004000                __ram2_size__ = 0x4000
                0x0000000020020000                __ram2_end__ = (__ram2_start__ + __ram2_size__)
                0x0000000000000000                __ram3_start__ = ORIGIN (ram3)
                0x0000000000000000                __ram3_size__ = 0x0
                0x0000000000000000                __ram3_end__ = (__ram3_start__ + __ram3_size__)
                0x0000000010000000                __ram4_start__ = ORIGIN (ram4)
                0x0000000000010000                __ram4_size__ = 0x10000
                0x0000000010010000                __ram4_end__ = (__ram4_start__ + __ram4_size__)
                0x0000000040024000                __ram5_start__ = ORIGIN (ram5)
                0x0000000000001000                __ram5_size__ = 0x1000
                0x0000000040025000                __ram5_end__ = (__ram5_start__ + __ram5_size__)
                0x0000000000000000                __ram6_start__ = ORIGIN (ram6)
                0x0000000000000000                __ram6_size__ = 0x0
                0x0000000000000000                __ram6_end__ = (__ram6_start__ + __ram6_size__)
                0x0000000000000000                __ram7_start__ = ORIGIN (ram7)
                0x0000000000000000                __ram7_size__ = 0x0
                0x0000000000000000                __ram7_end__ = (__ram7_start__ + __ram7_size__)
                0x0000000000000000                . = 0x0
                0x0000000000000000                _text = .

startup         0x0000000000000000      0x1c0 load address 0x0000000008000000
 *(.vectors)
 .vectors       0x0000000000000000      0x1c0 build/obj/vectors.o
                0x0000000000000000                _vectors

constructors    0x00000000000001c0        0x0 load address 0x00000000080001c0
                0x00000000000001c0                PROVIDE (__init_array_start, .)
 *(SORT(.init_array.*))
 *(.init_array)
                0x00000000000001c0                PROVIDE (__init_array_end, .)

destructors     0x00000000000001c0        0x0 load address 0x00000000080001c0
                0x00000000000001c0                PROVIDE (__fini_array_start, .)
 *(.fini_array)
 *(SORT(.fini_array.*))
                0x00000000000001c0                PROVIDE (__fini_array_end, .)

.text           0x00000000000001c0     0x47fc load address 0x00000000080001c0
 *(.text)
 .text          0x00000000000001c0       0xc0 build/obj/crt0_v7m.o
                0x00000000000001c0                Reset_Handler
 .text          0x0000000000000280       0x40 build/obj/chcoreasm_v7m.o
                0x0000000000000280                _port_switch
                0x0000000000000290                _port_thread_start
                0x00000000000002a8                _port_switch_from_isr
                0x00000000000002bc                _port_exit_from_isr
 *(.text.*)
 .text.__core_init
                0x00000000000002c0       0x10 build/obj/crt1.o
                0x00000000000002c0                __core_init
 .text.__late_init
                0x00000000000002d0       0x10 build/obj/crt1.o
                0x00000000000002d0                __late_init
 .text.__default_exit
                0x00000000000002e0       0x10 build/obj/crt1.o
                0x00000000000002e0                __default_exit
 .text._unhandled_exception
                0x00000000000002f0       0x10 build/obj/vectors.o
                0x00000000000002f0                Vector58
                0x00000000000002f0                VectorE8
                0x00000000000002f0                Vector9C
                0x00000000000002f0                VectorAC
                0x00000000000002f0                DebugMon_Handler
                0x00000000000002f0                Vector1A0
                0x00000000000002f0                Vector5C
                0x00000000000002f0                Vector11C
                0x00000000000002f0                HardFault_Handler
                0x00000000000002f0                Vector1B8
                0x00000000000002f0                Vector19C
                0x00000000000002f0                Vector8C
                0x00000000000002f0                SysTick_Handler
                0x00000000000002f0                PendSV_Handler
                0x00000000000002f0                Vector168
                0x00000000000002f0                NMI_Handler
                0x00000000000002f0                Vector110
                0x00000000000002f0                VectorC8
                0x00000000000002f0                Vector94
                0x00000000000002f0                VectorA8
                0x00000000000002f0                VectorB4
                0x00000000000002f0                Vector160
                0x00000000000002f0                Vector1B0
                0x00000000000002f0                UsageFault_Handler
                0x00000000000002f0                VectorEC
                0x00000000000002f0                Vector40
                0x00000000000002f0                VectorF8
                0x00000000000002f0                Vector108
                0x00000000000002f0                VectorBC
                0x00000000000002f0                Vector190
                0x00000000000002f0                Vector148
                0x00000000000002f0                Vector188
                0x00000000000002f0                Vector198
                0x00000000000002f0                Vector118
                0x00000000000002f0                Vector64
                0x00000000000002f0                VectorCC
                0x00000000000002f0                Vector54
                0x00000000000002f0                Vector98
                0x00000000000002f0                VectorD8
                0x00000000000002f0                Vector138
                0x00000000000002f0                Vector24
                0x00000000000002f0                Vector1AC
                0x00000000000002f0                Vector178
                0x00000000000002f0                Vector1A4
                0x00000000000002f0                VectorD0
                0x00000000000002f0                Vector1B4
                0x00000000000002f0                Vector140
                0x00000000000002f0                VectorE4
                0x00000000000002f0                VectorC0
                0x00000000000002f0                Vector134
                0x00000000000002f0                VectorF0
                0x00000000000002f0                Vector13C
                0x00000000000002f0                Vector100
                0x00000000000002f0                VectorE0
                0x00000000000002f0                VectorF4
                0x00000000000002f0                MemManage_Handler
                0x00000000000002f0                VectorA0
                0x00000000000002f0                VectorC4
                0x00000000000002f0                Vector180
                0x00000000000002f0                Vector90
                0x00000000000002f0                Vector114
                0x00000000000002f0                Vector164
                0x00000000000002f0                Vector60
                0x00000000000002f0                Vector1C
                0x00000000000002f0                Vector1BC
                0x00000000000002f0                Vector17C
                0x00000000000002f0                Vector48
                0x00000000000002f0                Vector1A8
                0x00000000000002f0                Vector16C
                0x00000000000002f0                VectorD4
                0x00000000000002f0                Vector4C
                0x00000000000002f0                Vector144
                0x00000000000002f0                Vector15C
                0x00000000000002f0                Vector68
                0x00000000000002f0                _unhandled_exception
                0x00000000000002f0                Vector170
                0x00000000000002f0                Vector104
                0x00000000000002f0                Vector184
                0x00000000000002f0                Vector10C
                0x00000000000002f0                Vector14C
                0x00000000000002f0                BusFault_Handler
                0x00000000000002f0                Vector50
                0x00000000000002f0                Vector194
                0x00000000000002f0                Vector44
                0x00000000000002f0                Vector28
                0x00000000000002f0                VectorB8
                0x00000000000002f0                Vector34
                0x00000000000002f0                VectorA4
                0x00000000000002f0                Vector20
                0x00000000000002f0                Vector18C
                0x00000000000002f0                Vector174
 .text.NVIC_SetPriorityGrouping
                0x0000000000000300       0x40 build/obj/chsys.o
 .text.NVIC_SetPriority
                0x0000000000000340       0x50 build/obj/chsys.o
 .text.port_init
                0x0000000000000390       0x50 build/obj/chsys.o
 .text.port_lock
                0x00000000000003e0       0x10 build/obj/chsys.o
 .text.port_unlock
                0x00000000000003f0       0x10 build/obj/chsys.o
 .text.port_lock_from_isr
                0x0000000000000400       0x10 build/obj/chsys.o
 .text.port_unlock_from_isr
                0x0000000000000410       0x10 build/obj/chsys.o
 .text.port_disable
                0x0000000000000420       0x10 build/obj/chsys.o
 .text.port_enable
                0x0000000000000430       0x20 build/obj/chsys.o
 .text.port_wait_for_interrupt
                0x0000000000000450       0x10 build/obj/chsys.o
 .text.st_lld_get_counter
                0x0000000000000460       0x10 build/obj/chsys.o
 .text.port_timer_stop_alarm
                0x0000000000000470       0x10 build/obj/chsys.o
 .text.port_timer_set_alarm
                0x0000000000000480       0x20 build/obj/chsys.o
 .text.port_timer_get_time
                0x00000000000004a0       0x10 build/obj/chsys.o
 .text.chSysEnable
                0x00000000000004b0       0x10 build/obj/chsys.o
 .text.chSysLockFromISR
                0x00000000000004c0       0x10 build/obj/chsys.o
 .text.chSysUnlockFromISR
                0x00000000000004d0       0x10 build/obj/chsys.o
 .text.chVTGetSystemTimeX
                0x00000000000004e0       0x10 build/obj/chsys.o
 .text.chVTDoTickI
                0x00000000000004f0       0xf0 build/obj/chsys.o
 .text.chRegSetThreadName
                0x00000000000005e0       0x20 build/obj/chsys.o
 .text.chRegSetThreadNameX
                0x0000000000000600       0x10 build/obj/chsys.o
 .text._idle_thread
                0x0000000000000610       0x10 build/obj/chsys.o
 .text.chSysInit
                0x0000000000000620       0x90 build/obj/chsys.o
                0x0000000000000620                chSysInit
 .text.chSysHalt
                0x00000000000006b0       0x20 build/obj/chsys.o
                0x00000000000006b0                chSysHalt
 .text.chSysTimerHandlerI
                0x00000000000006d0       0x10 build/obj/chsys.o
                0x00000000000006d0                chSysTimerHandlerI
 .text.port_lock
                0x00000000000006e0       0x10 build/obj/chdebug.o
 .text.port_unlock
                0x00000000000006f0       0x10 build/obj/chdebug.o
 .text.port_lock_from_isr
                0x0000000000000700       0x10 build/obj/chdebug.o
 .text.port_unlock_from_isr
                0x0000000000000710       0x10 build/obj/chdebug.o
 .text.st_lld_get_counter
                0x0000000000000720       0x10 build/obj/chdebug.o
 .text.port_timer_get_time
                0x0000000000000730       0x10 build/obj/chdebug.o
 .text.chVTGetSystemTimeX
                0x0000000000000740       0x10 build/obj/chdebug.o
 .text._dbg_check_enable
                0x0000000000000750       0x30 build/obj/chdebug.o
                0x0000000000000750                _dbg_check_enable
 .text._dbg_check_lock
                0x0000000000000780       0x30 build/obj/chdebug.o
                0x0000000000000780                _dbg_check_lock
 .text._dbg_check_unlock
                0x00000000000007b0       0x30 build/obj/chdebug.o
                0x00000000000007b0                _dbg_check_unlock
 .text._dbg_check_lock_from_isr
                0x00000000000007e0       0x30 build/obj/chdebug.o
                0x00000000000007e0                _dbg_check_lock_from_isr
 .text._dbg_check_unlock_from_isr
                0x0000000000000810       0x30 build/obj/chdebug.o
                0x0000000000000810                _dbg_check_unlock_from_isr
 .text._dbg_check_enter_isr
                0x0000000000000840       0x40 build/obj/chdebug.o
                0x0000000000000840                _dbg_check_enter_isr
 .text._dbg_check_leave_isr
                0x0000000000000880       0x40 build/obj/chdebug.o
                0x0000000000000880                _dbg_check_leave_isr
 .text.chDbgCheckClassI
                0x00000000000008c0       0x30 build/obj/chdebug.o
                0x00000000000008c0                chDbgCheckClassI
 .text.chDbgCheckClassS
                0x00000000000008f0       0x30 build/obj/chdebug.o
                0x00000000000008f0                chDbgCheckClassS
 .text._dbg_trace_init
                0x0000000000000920       0x20 build/obj/chdebug.o
                0x0000000000000920                _dbg_trace_init
 .text._dbg_trace
                0x0000000000000940       0x60 build/obj/chdebug.o
                0x0000000000000940                _dbg_trace
 .text.st_lld_get_counter
                0x00000000000009a0       0x10 build/obj/chvt.o
 .text.port_timer_start_alarm
                0x00000000000009b0       0x20 build/obj/chvt.o
 .text.port_timer_stop_alarm
                0x00000000000009d0       0x10 build/obj/chvt.o
 .text.port_timer_set_alarm
                0x00000000000009e0       0x20 build/obj/chvt.o
 .text.port_timer_get_time
                0x0000000000000a00       0x10 build/obj/chvt.o
 .text.chVTGetSystemTimeX
                0x0000000000000a10       0x10 build/obj/chvt.o
 .text._vt_init
                0x0000000000000a20       0x30 build/obj/chvt.o
                0x0000000000000a20                _vt_init
 .text.chVTDoSetI
                0x0000000000000a50      0x120 build/obj/chvt.o
                0x0000000000000a50                chVTDoSetI
 .text.chVTDoResetI
                0x0000000000000b70      0x100 build/obj/chvt.o
                0x0000000000000b70                chVTDoResetI
 .text.port_lock
                0x0000000000000c70       0x10 build/obj/chschd.o
 .text.port_unlock
                0x0000000000000c80       0x10 build/obj/chschd.o
 .text.port_lock_from_isr
                0x0000000000000c90       0x10 build/obj/chschd.o
 .text.port_unlock_from_isr
                0x0000000000000ca0       0x10 build/obj/chschd.o
 .text.queue_init
                0x0000000000000cb0       0x20 build/obj/chschd.o
 .text.queue_fifo_remove
                0x0000000000000cd0       0x30 build/obj/chschd.o
 .text.queue_dequeue
                0x0000000000000d00       0x20 build/obj/chschd.o
 .text.chSchIsRescRequiredI
                0x0000000000000d20       0x30 build/obj/chschd.o
 .text.chSysLockFromISR
                0x0000000000000d50       0x10 build/obj/chschd.o
 .text.chSysUnlockFromISR
                0x0000000000000d60       0x10 build/obj/chschd.o
 .text.chVTIsArmedI
                0x0000000000000d70       0x20 build/obj/chschd.o
 .text.chSemFastSignalI
                0x0000000000000d90       0x20 build/obj/chschd.o
 .text._scheduler_init
                0x0000000000000db0       0x20 build/obj/chschd.o
                0x0000000000000db0                _scheduler_init
 .text.chSchReadyI
                0x0000000000000dd0       0x80 build/obj/chschd.o
                0x0000000000000dd0                chSchReadyI
 .text.chSchGoSleepS
                0x0000000000000e50       0x80 build/obj/chschd.o
                0x0000000000000e50                chSchGoSleepS
 .text.wakeup   0x0000000000000ed0       0x80 build/obj/chschd.o
 .text.chSchGoSleepTimeoutS
                0x0000000000000f50       0x70 build/obj/chschd.o
                0x0000000000000f50                chSchGoSleepTimeoutS
 .text.chSchWakeupS
                0x0000000000000fc0       0x90 build/obj/chschd.o
                0x0000000000000fc0                chSchWakeupS
 .text.chSchRescheduleS
                0x0000000000001050       0x20 build/obj/chschd.o
                0x0000000000001050                chSchRescheduleS
 .text.chSchIsPreemptionRequired
                0x0000000000001070       0x30 build/obj/chschd.o
                0x0000000000001070                chSchIsPreemptionRequired
 .text.chSchDoRescheduleAhead
                0x00000000000010a0       0xb0 build/obj/chschd.o
                0x00000000000010a0                chSchDoRescheduleAhead
 .text.chSchDoReschedule
                0x0000000000001150       0x10 build/obj/chschd.o
                0x0000000000001150                chSchDoReschedule
 .text.port_lock
                0x0000000000001160       0x10 build/obj/chthreads.o
 .text.port_unlock
                0x0000000000001170       0x10 build/obj/chthreads.o
 .text.list_init
                0x0000000000001180       0x10 build/obj/chthreads.o
 .text.list_notempty
                0x0000000000001190       0x20 build/obj/chthreads.o
 .text.queue_init
                0x00000000000011b0       0x20 build/obj/chthreads.o
 .text.queue_notempty
                0x00000000000011d0       0x20 build/obj/chthreads.o
 .text.list_remove
                0x00000000000011f0       0x20 build/obj/chthreads.o
 .text.queue_insert
                0x0000000000001210       0x30 build/obj/chthreads.o
 .text.queue_fifo_remove
                0x0000000000001240       0x30 build/obj/chthreads.o
 .text.chSysLock
                0x0000000000001270       0x10 build/obj/chthreads.o
 .text.chSysUnlock
                0x0000000000001280       0x40 build/obj/chthreads.o
 .text.chThdSleepS
                0x00000000000012c0       0x30 build/obj/chthreads.o
 .text.chThdDoDequeueNextI
                0x00000000000012f0       0x50 build/obj/chthreads.o
 .text._thread_init
                0x0000000000001340       0xa0 build/obj/chthreads.o
                0x0000000000001340                _thread_init
 .text._thread_memfill
                0x00000000000013e0       0x30 build/obj/chthreads.o
                0x00000000000013e0                _thread_memfill
 .text.chThdCreateI
                0x0000000000001410       0x70 build/obj/chthreads.o
                0x0000000000001410                chThdCreateI
 .text.chThdCreateStatic
                0x0000000000001480       0x60 build/obj/chthreads.o
                0x0000000000001480                chThdCreateStatic
 .text.chThdSetPriority
                0x00000000000014e0       0x70 build/obj/chthreads.o
                0x00000000000014e0                chThdSetPriority
 .text.chThdSleep
                0x0000000000001550       0x20 build/obj/chthreads.o
                0x0000000000001550                chThdSleep
 .text.chThdExit
                0x0000000000001570       0x20 build/obj/chthreads.o
                0x0000000000001570                chThdExit
 .text.chThdExitS
                0x0000000000001590       0x80 build/obj/chthreads.o
                0x0000000000001590                chThdExitS
 .text.chThdResumeI
                0x0000000000001610       0x50 build/obj/chthreads.o
                0x0000000000001610                chThdResumeI
 .text.chThdEnqueueTimeoutS
                0x0000000000001660       0x40 build/obj/chthreads.o
                0x0000000000001660                chThdEnqueueTimeoutS
 .text.chThdDequeueNextI
                0x00000000000016a0       0x30 build/obj/chthreads.o
                0x00000000000016a0                chThdDequeueNextI
 .text.port_rt_get_counter_value
                0x00000000000016d0       0x10 build/obj/chtm.o
 .text.tm_stop  0x00000000000016e0       0x70 build/obj/chtm.o
 .text._tm_init
                0x0000000000001750       0x40 build/obj/chtm.o
                0x0000000000001750                _tm_init
 .text.chTMObjectInit
                0x0000000000001790       0x30 build/obj/chtm.o
                0x0000000000001790                chTMObjectInit
 .text.chTMStartMeasurementX
                0x00000000000017c0       0x20 build/obj/chtm.o
                0x00000000000017c0                chTMStartMeasurementX
 .text.chTMStopMeasurementX
                0x00000000000017e0       0x30 build/obj/chtm.o
                0x00000000000017e0                chTMStopMeasurementX
 .text.chTMChainMeasurementToX
                0x0000000000001810       0x30 build/obj/chtm.o
                0x0000000000001810                chTMChainMeasurementToX
 .text._stats_init
                0x0000000000001840       0x30 build/obj/chstats.o
                0x0000000000001840                _stats_init
 .text._stats_increase_irq
                0x0000000000001870       0x20 build/obj/chstats.o
                0x0000000000001870                _stats_increase_irq
 .text._stats_ctxswc
                0x0000000000001890       0x40 build/obj/chstats.o
                0x0000000000001890                _stats_ctxswc
 .text._stats_start_measure_crit_thd
                0x00000000000018d0       0x10 build/obj/chstats.o
                0x00000000000018d0                _stats_start_measure_crit_thd
 .text._stats_stop_measure_crit_thd
                0x00000000000018e0       0x10 build/obj/chstats.o
                0x00000000000018e0                _stats_stop_measure_crit_thd
 .text._stats_start_measure_crit_isr
                0x00000000000018f0       0x10 build/obj/chstats.o
                0x00000000000018f0                _stats_start_measure_crit_isr
 .text._stats_stop_measure_crit_isr
                0x0000000000001900       0x10 build/obj/chstats.o
                0x0000000000001900                _stats_stop_measure_crit_isr
 .text.queue_init
                0x0000000000001910       0x20 build/obj/chsem.o
 .text.queue_isempty
                0x0000000000001930       0x20 build/obj/chsem.o
 .text.queue_notempty
                0x0000000000001950       0x20 build/obj/chsem.o
 .text.queue_insert
                0x0000000000001970       0x30 build/obj/chsem.o
 .text.queue_fifo_remove
                0x00000000000019a0       0x30 build/obj/chsem.o
 .text.chSemObjectInit
                0x00000000000019d0       0x40 build/obj/chsem.o
                0x00000000000019d0                chSemObjectInit
 .text.chSemWaitTimeoutS
                0x0000000000001a10       0xc0 build/obj/chsem.o
                0x0000000000001a10                chSemWaitTimeoutS
 .text.chSemSignalI
                0x0000000000001ad0       0x90 build/obj/chsem.o
                0x0000000000001ad0                chSemSignalI
 .text.queue_init
                0x0000000000001b60       0x20 build/obj/chmtx.o
 .text.chMtxObjectInit
                0x0000000000001b80       0x30 build/obj/chmtx.o
                0x0000000000001b80                chMtxObjectInit
 .text.chEvtBroadcastFlagsI
                0x0000000000001bb0       0x70 build/obj/chevents.o
                0x0000000000001bb0                chEvtBroadcastFlagsI
 .text.chEvtSignalI
                0x0000000000001c20       0x70 build/obj/chevents.o
                0x0000000000001c20                chEvtSignalI
 .text.port_lock
                0x0000000000001c90       0x10 build/obj/chmboxes.o
 .text.port_unlock
                0x0000000000001ca0       0x10 build/obj/chmboxes.o
 .text.chSysLock
                0x0000000000001cb0       0x10 build/obj/chmboxes.o
 .text.chSysUnlock
                0x0000000000001cc0       0x40 build/obj/chmboxes.o
 .text.chMBObjectInit
                0x0000000000001d00       0x70 build/obj/chmboxes.o
                0x0000000000001d00                chMBObjectInit
 .text.chMBPost
                0x0000000000001d70       0x30 build/obj/chmboxes.o
                0x0000000000001d70                chMBPost
 .text.chMBPostS
                0x0000000000001da0       0x70 build/obj/chmboxes.o
                0x0000000000001da0                chMBPostS
 .text.chMBFetch
                0x0000000000001e10       0x30 build/obj/chmboxes.o
                0x0000000000001e10                chMBFetch
 .text.chMBFetchS
                0x0000000000001e40       0x80 build/obj/chmboxes.o
                0x0000000000001e40                chMBFetchS
 .text.port_lock
                0x0000000000001ec0       0x10 build/obj/chqueues.o
 .text.port_unlock
                0x0000000000001ed0       0x10 build/obj/chqueues.o
 .text.queue_init
                0x0000000000001ee0       0x20 build/obj/chqueues.o
 .text.chSysLock
                0x0000000000001f00       0x10 build/obj/chqueues.o
 .text.chSysUnlock
                0x0000000000001f10       0x40 build/obj/chqueues.o
 .text.chThdQueueObjectInit
                0x0000000000001f50       0x20 build/obj/chqueues.o
 .text.chIQIsEmptyI
                0x0000000000001f70       0x20 build/obj/chqueues.o
 .text.chIQIsFullI
                0x0000000000001f90       0x40 build/obj/chqueues.o
 .text.chOQIsEmptyI
                0x0000000000001fd0       0x40 build/obj/chqueues.o
 .text.chOQIsFullI
                0x0000000000002010       0x20 build/obj/chqueues.o
 .text.chIQObjectInit
                0x0000000000002030       0x50 build/obj/chqueues.o
                0x0000000000002030                chIQObjectInit
 .text.chIQPutI
                0x0000000000002080       0x70 build/obj/chqueues.o
                0x0000000000002080                chIQPutI
 .text.chIQGetTimeout
                0x00000000000020f0       0x90 build/obj/chqueues.o
                0x00000000000020f0                chIQGetTimeout
 .text.chIQReadTimeout
                0x0000000000002180       0xc0 build/obj/chqueues.o
                0x0000000000002180                chIQReadTimeout
 .text.chOQObjectInit
                0x0000000000002240       0x50 build/obj/chqueues.o
                0x0000000000002240                chOQObjectInit
 .text.chOQPutTimeout
                0x0000000000002290       0x90 build/obj/chqueues.o
                0x0000000000002290                chOQPutTimeout
 .text.chOQGetI
                0x0000000000002320       0x60 build/obj/chqueues.o
                0x0000000000002320                chOQGetI
 .text.chOQWriteTimeout
                0x0000000000002380       0xc0 build/obj/chqueues.o
                0x0000000000002380                chOQWriteTimeout
 .text.port_lock
                0x0000000000002440       0x10 build/obj/chmemcore.o
 .text.port_unlock
                0x0000000000002450       0x10 build/obj/chmemcore.o
 .text.chSysLock
                0x0000000000002460       0x10 build/obj/chmemcore.o
 .text.chSysUnlock
                0x0000000000002470       0x40 build/obj/chmemcore.o
 .text._core_init
                0x00000000000024b0       0x30 build/obj/chmemcore.o
                0x00000000000024b0                _core_init
 .text.chCoreAlloc
                0x00000000000024e0       0x20 build/obj/chmemcore.o
                0x00000000000024e0                chCoreAlloc
 .text.chCoreAllocI
                0x0000000000002500       0x50 build/obj/chmemcore.o
                0x0000000000002500                chCoreAllocI
 .text._heap_init
                0x0000000000002550       0x30 build/obj/chheap.o
                0x0000000000002550                _heap_init
 .text.port_lock
                0x0000000000002580       0x10 build/obj/chmempools.o
 .text.port_unlock
                0x0000000000002590       0x10 build/obj/chmempools.o
 .text.chSysLock
                0x00000000000025a0       0x10 build/obj/chmempools.o
 .text.chSysUnlock
                0x00000000000025b0       0x40 build/obj/chmempools.o
 .text.chPoolAdd
                0x00000000000025f0       0x20 build/obj/chmempools.o
 .text.chPoolObjectInit
                0x0000000000002610       0x40 build/obj/chmempools.o
                0x0000000000002610                chPoolObjectInit
 .text.chPoolLoadArray
                0x0000000000002650       0x50 build/obj/chmempools.o
                0x0000000000002650                chPoolLoadArray
 .text.chPoolAllocI
                0x00000000000026a0       0x60 build/obj/chmempools.o
                0x00000000000026a0                chPoolAllocI
 .text.chPoolAlloc
                0x0000000000002700       0x20 build/obj/chmempools.o
                0x0000000000002700                chPoolAlloc
 .text.chPoolFreeI
                0x0000000000002720       0x40 build/obj/chmempools.o
                0x0000000000002720                chPoolFreeI
 .text.chPoolFree
                0x0000000000002760       0x20 build/obj/chmempools.o
                0x0000000000002760                chPoolFree
 .text.port_lock
                0x0000000000002780       0x10 build/obj/chcore_v7m.o
 .text.port_unlock
                0x0000000000002790       0x10 build/obj/chcore_v7m.o
 .text.port_lock_from_isr
                0x00000000000027a0       0x10 build/obj/chcore_v7m.o
 .text.port_unlock_from_isr
                0x00000000000027b0       0x10 build/obj/chcore_v7m.o
 .text.SVC_Handler
                0x00000000000027c0       0x30 build/obj/chcore_v7m.o
                0x00000000000027c0                SVC_Handler
 .text._port_irq_epilogue
                0x00000000000027f0       0x70 build/obj/chcore_v7m.o
                0x00000000000027f0                _port_irq_epilogue
 .text.osalInit
                0x0000000000002860       0x10 build/obj/hal.o
 .text.halInit  0x0000000000002870       0x30 build/obj/hal.o
                0x0000000000002870                halInit
 .text.st_lld_start_alarm
                0x00000000000028a0       0x20 build/obj/st.o
 .text.st_lld_stop_alarm
                0x00000000000028c0       0x10 build/obj/st.o
 .text.st_lld_set_alarm
                0x00000000000028d0       0x10 build/obj/st.o
 .text.st_lld_is_alarm_active
                0x00000000000028e0       0x20 build/obj/st.o
 .text.stInit   0x0000000000002900       0x10 build/obj/st.o
                0x0000000000002900                stInit
 .text.stStartAlarm
                0x0000000000002910       0x30 build/obj/st.o
                0x0000000000002910                stStartAlarm
 .text.stStopAlarm
                0x0000000000002940       0x10 build/obj/st.o
                0x0000000000002940                stStopAlarm
 .text.stSetAlarm
                0x0000000000002950       0x30 build/obj/st.o
                0x0000000000002950                stSetAlarm
 .text.osalMutexObjectInit
                0x0000000000002980       0x20 build/obj/adc.o
 .text.adcInit  0x00000000000029a0       0x10 build/obj/adc.o
                0x00000000000029a0                adcInit
 .text.adcObjectInit
                0x00000000000029b0       0x40 build/obj/adc.o
                0x00000000000029b0                adcObjectInit
 .text.port_lock
                0x00000000000029f0       0x10 build/obj/serial.o
 .text.port_unlock
                0x0000000000002a00       0x10 build/obj/serial.o
 .text.chSysLock
                0x0000000000002a10       0x10 build/obj/serial.o
 .text.chSysUnlock
                0x0000000000002a20       0x40 build/obj/serial.o
 .text.chEvtObjectInit
                0x0000000000002a60       0x10 build/obj/serial.o
 .text.chIQIsEmptyI
                0x0000000000002a70       0x20 build/obj/serial.o
 .text.osalSysLock
                0x0000000000002a90       0x10 build/obj/serial.o
 .text.osalSysUnlock
                0x0000000000002aa0       0x10 build/obj/serial.o
 .text.osalEventObjectInit
                0x0000000000002ab0       0x20 build/obj/serial.o
 .text.osalEventBroadcastFlagsI
                0x0000000000002ad0       0x20 build/obj/serial.o
 .text.write    0x0000000000002af0       0x30 build/obj/serial.o
 .text.read     0x0000000000002b20       0x30 build/obj/serial.o
 .text.put      0x0000000000002b50       0x30 build/obj/serial.o
 .text.get      0x0000000000002b80       0x20 build/obj/serial.o
 .text.putt     0x0000000000002ba0       0x30 build/obj/serial.o
 .text.gett     0x0000000000002bd0       0x20 build/obj/serial.o
 .text.writet   0x0000000000002bf0       0x30 build/obj/serial.o
 .text.readt    0x0000000000002c20       0x30 build/obj/serial.o
 .text.sdInit   0x0000000000002c50       0x10 build/obj/serial.o
                0x0000000000002c50                sdInit
 .text.sdObjectInit
                0x0000000000002c60       0x60 build/obj/serial.o
                0x0000000000002c60                sdObjectInit
 .text.sdStart  0x0000000000002cc0       0x50 build/obj/serial.o
                0x0000000000002cc0                sdStart
 .text.sdIncomingDataI
                0x0000000000002d10       0x70 build/obj/serial.o
                0x0000000000002d10                sdIncomingDataI
 .text.nvicEnableVector
                0x0000000000002d80       0x50 build/obj/nvic.o
                0x0000000000002d80                nvicEnableVector
 .text.hal_lld_backup_domain_init
                0x0000000000002dd0       0x40 build/obj/hal_lld.o
 .text.hal_lld_init
                0x0000000000002e10       0x70 build/obj/hal_lld.o
                0x0000000000002e10                hal_lld_init
 .text.stm32_clock_init
                0x0000000000002e80      0x120 build/obj/hal_lld.o
                0x0000000000002e80                stm32_clock_init
 .text.Vector6C
                0x0000000000002fa0       0x50 build/obj/stm32_dma.o
                0x0000000000002fa0                Vector6C
 .text.Vector70
                0x0000000000002ff0       0x50 build/obj/stm32_dma.o
                0x0000000000002ff0                Vector70
 .text.Vector74
                0x0000000000003040       0x50 build/obj/stm32_dma.o
                0x0000000000003040                Vector74
 .text.Vector78
                0x0000000000003090       0x50 build/obj/stm32_dma.o
                0x0000000000003090                Vector78
 .text.Vector7C
                0x00000000000030e0       0x50 build/obj/stm32_dma.o
                0x00000000000030e0                Vector7C
 .text.Vector80
                0x0000000000003130       0x50 build/obj/stm32_dma.o
                0x0000000000003130                Vector80
 .text.Vector84
                0x0000000000003180       0x50 build/obj/stm32_dma.o
                0x0000000000003180                Vector84
 .text.VectorFC
                0x00000000000031d0       0x50 build/obj/stm32_dma.o
                0x00000000000031d0                VectorFC
 .text.Vector120
                0x0000000000003220       0x50 build/obj/stm32_dma.o
                0x0000000000003220                Vector120
 .text.Vector124
                0x0000000000003270       0x50 build/obj/stm32_dma.o
                0x0000000000003270                Vector124
 .text.Vector128
                0x00000000000032c0       0x50 build/obj/stm32_dma.o
                0x00000000000032c0                Vector128
 .text.Vector12C
                0x0000000000003310       0x50 build/obj/stm32_dma.o
                0x0000000000003310                Vector12C
 .text.Vector130
                0x0000000000003360       0x50 build/obj/stm32_dma.o
                0x0000000000003360                Vector130
 .text.Vector150
                0x00000000000033b0       0x50 build/obj/stm32_dma.o
                0x00000000000033b0                Vector150
 .text.Vector154
                0x0000000000003400       0x50 build/obj/stm32_dma.o
                0x0000000000003400                Vector154
 .text.Vector158
                0x0000000000003450       0x50 build/obj/stm32_dma.o
                0x0000000000003450                Vector158
 .text.dmaInit  0x00000000000034a0       0x70 build/obj/stm32_dma.o
                0x00000000000034a0                dmaInit
 .text.port_lock
                0x0000000000003510       0x10 build/obj/st_lld.o
 .text.port_unlock
                0x0000000000003520       0x10 build/obj/st_lld.o
 .text.port_lock_from_isr
                0x0000000000003530       0x10 build/obj/st_lld.o
 .text.port_unlock_from_isr
                0x0000000000003540       0x10 build/obj/st_lld.o
 .text.chSysLockFromISR
                0x0000000000003550       0x10 build/obj/st_lld.o
 .text.chSysUnlockFromISR
                0x0000000000003560       0x10 build/obj/st_lld.o
 .text.osalSysLockFromISR
                0x0000000000003570       0x10 build/obj/st_lld.o
 .text.osalSysUnlockFromISR
                0x0000000000003580       0x10 build/obj/st_lld.o
 .text.osalOsTimerHandlerI
                0x0000000000003590       0x10 build/obj/st_lld.o
 .text.VectorB0
                0x00000000000035a0       0x40 build/obj/st_lld.o
                0x00000000000035a0                VectorB0
 .text.st_lld_init
                0x00000000000035e0       0x70 build/obj/st_lld.o
                0x00000000000035e0                st_lld_init
 .text.port_lock
                0x0000000000003650       0x10 build/obj/adc_lld.o
 .text.port_unlock
                0x0000000000003660       0x10 build/obj/adc_lld.o
 .text.port_lock_from_isr
                0x0000000000003670       0x10 build/obj/adc_lld.o
 .text.port_unlock_from_isr
                0x0000000000003680       0x10 build/obj/adc_lld.o
 .text.chSysLockFromISR
                0x0000000000003690       0x10 build/obj/adc_lld.o
 .text.chSysUnlockFromISR
                0x00000000000036a0       0x10 build/obj/adc_lld.o
 .text.osalSysLockFromISR
                0x00000000000036b0       0x10 build/obj/adc_lld.o
 .text.osalSysUnlockFromISR
                0x00000000000036c0       0x10 build/obj/adc_lld.o
 .text.osalThreadResumeI
                0x00000000000036d0       0x20 build/obj/adc_lld.o
 .text.Vector88
                0x00000000000036f0      0x1a0 build/obj/adc_lld.o
                0x00000000000036f0                Vector88
 .text.adc_lld_init
                0x0000000000003890       0x90 build/obj/adc_lld.o
                0x0000000000003890                adc_lld_init
 .text.adc_lld_stop_conversion
                0x0000000000003920       0x60 build/obj/adc_lld.o
                0x0000000000003920                adc_lld_stop_conversion
 .text.initgpio
                0x0000000000003980       0x50 build/obj/pal_lld.o
 .text._pal_lld_init
                0x00000000000039d0       0xc0 build/obj/pal_lld.o
                0x00000000000039d0                _pal_lld_init
 .text._pal_lld_setgroupmode
                0x0000000000003a90      0x130 build/obj/pal_lld.o
                0x0000000000003a90                _pal_lld_setgroupmode
 .text.port_lock
                0x0000000000003bc0       0x10 build/obj/serial_lld.o
 .text.port_unlock
                0x0000000000003bd0       0x10 build/obj/serial_lld.o
 .text.port_lock_from_isr
                0x0000000000003be0       0x10 build/obj/serial_lld.o
 .text.port_unlock_from_isr
                0x0000000000003bf0       0x10 build/obj/serial_lld.o
 .text.chSysLockFromISR
                0x0000000000003c00       0x10 build/obj/serial_lld.o
 .text.chSysUnlockFromISR
                0x0000000000003c10       0x10 build/obj/serial_lld.o
 .text.chOQIsEmptyI
                0x0000000000003c20       0x40 build/obj/serial_lld.o
 .text.osalSysLockFromISR
                0x0000000000003c60       0x10 build/obj/serial_lld.o
 .text.osalSysUnlockFromISR
                0x0000000000003c70       0x10 build/obj/serial_lld.o
 .text.osalEventBroadcastFlagsI
                0x0000000000003c80       0x20 build/obj/serial_lld.o
 .text.usart_init
                0x0000000000003ca0       0xa0 build/obj/serial_lld.o
 .text.set_error
                0x0000000000003d40       0x80 build/obj/serial_lld.o
 .text.serve_interrupt
                0x0000000000003dc0      0x140 build/obj/serial_lld.o
 .text.notify3  0x0000000000003f00       0x20 build/obj/serial_lld.o
 .text.VectorDC
                0x0000000000003f20       0x20 build/obj/serial_lld.o
                0x0000000000003f20                VectorDC
 .text.sd_lld_init
                0x0000000000003f40       0x30 build/obj/serial_lld.o
                0x0000000000003f40                sd_lld_init
 .text.sd_lld_start
                0x0000000000003f70       0x50 build/obj/serial_lld.o
                0x0000000000003f70                sd_lld_start
 .text.__early_init
                0x0000000000003fc0       0x10 build/obj/board.o
                0x0000000000003fc0                __early_init
 .text.boardInit
                0x0000000000003fd0       0x10 build/obj/board.o
                0x0000000000003fd0                boardInit
 .text.main     0x0000000000003fe0       0x80 build/obj/main.o
                0x0000000000003fe0                main
 .text.init_IO  0x0000000000004060       0x70 build/obj/main.o
                0x0000000000004060                init_IO
 .text.init_protocol
                0x00000000000040d0       0x60 build/obj/protocol.o
                0x00000000000040d0                init_protocol
 .text.rxListen
                0x0000000000004130      0x320 build/obj/protocol.o
                0x0000000000004130                rxListen
 .text.txWrite  0x0000000000004450       0x50 build/obj/protocol.o
                0x0000000000004450                txWrite
 *(.rodata)
 .rodata        0x00000000000044a0        0x8 build/obj/chsys.o
 *fill*         0x00000000000044a8        0x8 
 .rodata        0x00000000000044b0       0x58 build/obj/chdebug.o
 *fill*         0x0000000000004508        0x8 
 .rodata        0x0000000000004510       0x10 build/obj/chschd.o
 *(.rodata.*)
 .rodata.__func__.6011
                0x0000000000004520        0xc build/obj/chsys.o
 *fill*         0x000000000000452c        0x4 
 .rodata.__func__.6628
                0x0000000000004530        0xc build/obj/chvt.o
 *fill*         0x000000000000453c        0x4 
 .rodata.__func__.6636
                0x0000000000004540       0x10 build/obj/chvt.o
 .rodata.__func__.6625
                0x0000000000004550        0xc build/obj/chschd.o
 *fill*         0x000000000000455c        0x4 
 .rodata.__func__.6637
                0x0000000000004560       0x10 build/obj/chthreads.o
 .rodata.__func__.5925
                0x0000000000004570        0xc build/obj/chthreads.o
 *fill*         0x000000000000457c        0x4 
 .rodata.__func__.6653
                0x0000000000004580       0x14 build/obj/chthreads.o
 *fill*         0x0000000000004594        0xc 
 .rodata.__func__.6096
                0x00000000000045a0        0xc build/obj/chthreads.o
 *fill*         0x00000000000045ac        0x4 
 .rodata.__func__.6681
                0x00000000000045b0        0xc build/obj/chthreads.o
 *fill*         0x00000000000045bc        0x4 
 .rodata.__func__.6703
                0x00000000000045c0       0x10 build/obj/chthreads.o
 .rodata.__func__.6108
                0x00000000000045d0       0x14 build/obj/chthreads.o
 *fill*         0x00000000000045e4        0xc 
 .rodata.ch_debug
                0x00000000000045f0       0x18 build/obj/chregistry.o
                0x00000000000045f0                ch_debug
 *fill*         0x0000000000004608        0x8 
 .rodata.__func__.6621
                0x0000000000004610       0x10 build/obj/chsem.o
 .rodata.__func__.6652
                0x0000000000004620       0x14 build/obj/chsem.o
 *fill*         0x0000000000004634        0xc 
 .rodata.__func__.6660
                0x0000000000004640       0x10 build/obj/chsem.o
 .rodata.__func__.6620
                0x0000000000004650       0x10 build/obj/chmtx.o
 .rodata.__func__.6645
                0x0000000000004660       0x18 build/obj/chevents.o
 *fill*         0x0000000000004678        0x8 
 .rodata.__func__.6662
                0x0000000000004680       0x10 build/obj/chevents.o
 .rodata.__func__.6622
                0x0000000000004690       0x10 build/obj/chmboxes.o
 .rodata.__func__.5925
                0x00000000000046a0        0xc build/obj/chmboxes.o
 *fill*         0x00000000000046ac        0x4 
 .rodata.__func__.6642
                0x00000000000046b0        0xc build/obj/chmboxes.o
 *fill*         0x00000000000046bc        0x4 
 .rodata.__func__.6678
                0x00000000000046c0        0xc build/obj/chmboxes.o
 *fill*         0x00000000000046cc        0x4 
 .rodata.__func__.5925
                0x00000000000046d0        0xc build/obj/chqueues.o
 *fill*         0x00000000000046dc        0x4 
 .rodata.__func__.6648
                0x00000000000046e0       0x10 build/obj/chqueues.o
 .rodata.__func__.6684
                0x00000000000046f0       0x14 build/obj/chqueues.o
 *fill*         0x0000000000004704        0xc 
 .rodata.__func__.5925
                0x0000000000004710        0xc build/obj/chmemcore.o
 *fill*         0x000000000000471c        0x4 
 .rodata.__func__.6622
                0x0000000000004720       0x14 build/obj/chmempools.o
 *fill*         0x0000000000004734        0xc 
 .rodata.__func__.6628
                0x0000000000004740       0x10 build/obj/chmempools.o
 .rodata.__func__.6636
                0x0000000000004750       0x10 build/obj/chmempools.o
 .rodata.__func__.5925
                0x0000000000004760        0xc build/obj/chmempools.o
 *fill*         0x000000000000476c        0x4 
 .rodata.__func__.6646
                0x0000000000004770        0xc build/obj/chmempools.o
 *fill*         0x000000000000477c        0x4 
 .rodata.__func__.7143
                0x0000000000004780       0x10 build/obj/st.o
 .rodata.__func__.7150
                0x0000000000004790        0xc build/obj/st.o
 *fill*         0x000000000000479c        0x4 
 .rodata.vmt    0x00000000000047a0       0x20 build/obj/serial.o
 .rodata.__func__.7188
                0x00000000000047c0        0x8 build/obj/serial.o
 *fill*         0x00000000000047c8        0x8 
 .rodata.__func__.5925
                0x00000000000047d0        0xc build/obj/serial.o
 *fill*         0x00000000000047dc        0x4 
 .rodata.__func__.7197
                0x00000000000047e0       0x10 build/obj/serial.o
 .rodata._stm32_dma_streams
                0x00000000000047f0       0xc0 build/obj/stm32_dma.o
                0x00000000000047f0                _stm32_dma_streams
 .rodata.default_config
                0x00000000000048b0        0xc build/obj/serial_lld.o
 *fill*         0x00000000000048bc        0x4 
 .rodata.pal_default_config
                0x00000000000048c0       0xfc build/obj/board.o
                0x00000000000048c0                pal_default_config
 *(.glue_7t)
 .glue_7t       0x00000000000049bc        0x0 linker stubs
 *(.glue_7)
 .glue_7        0x00000000000049bc        0x0 linker stubs
 *(.gcc*)

.vfp11_veneer   0x00000000000049bc        0x0 load address 0x00000000080049bc
 .vfp11_veneer  0x00000000000049bc        0x0 linker stubs

.v4_bx          0x00000000000049bc        0x0 load address 0x00000000080049bc
 .v4_bx         0x00000000000049bc        0x0 linker stubs

.iplt           0x00000000000049bc        0x0 load address 0x00000000080049bc
 .iplt          0x00000000000049bc        0x0 build/obj/crt0_v7m.o

.rel.dyn        0x00000000000049bc        0x0 load address 0x00000000080049bc
 .rel.iplt      0x00000000000049bc        0x0 build/obj/crt0_v7m.o

.ARM.extab
 *(.ARM.extab* .gnu.linkonce.armextab.*)

.ARM.exidx      0x00000000000049bc        0x0 load address 0x00000000080049bc
                0x00000000000049bc                PROVIDE (__exidx_start, .)
 *(.ARM.exidx* .gnu.linkonce.armexidx.*)
                0x00000000000049bc                PROVIDE (__exidx_end, .)

.eh_frame_hdr
 *(.eh_frame_hdr)

.eh_frame
 *(.eh_frame)

.textalign      0x00000000000049bc        0x4 load address 0x00000000080049bc
                0x00000000000049c0                . = ALIGN (0x8)
 *fill*         0x00000000000049bc        0x4 
                0x00000000000049c0                . = ALIGN (0x4)
                0x00000000000049c0                _etext = .
                0x00000000000049c0                _textdata = _etext

.mstack         0x0000000020000000      0x400
                0x0000000020000000                . = ALIGN (0x8)
                0x0000000020000000                __main_stack_base__ = .
                0x0000000020000400                . = (. + __main_stack_size__)
 *fill*         0x0000000020000000      0x400 
                0x0000000020000400                . = ALIGN (0x8)
                0x0000000020000400                __main_stack_end__ = .

.pstack         0x0000000020000400      0x400
                0x0000000020000400                __process_stack_base__ = .
                0x0000000020000400                __main_thread_stack_base__ = .
                0x0000000020000800                . = (. + __process_stack_size__)
 *fill*         0x0000000020000400      0x400 
                0x0000000020000800                . = ALIGN (0x8)
                0x0000000020000800                __process_stack_end__ = .
                0x0000000020000800                __main_thread_stack_end__ = .

.data           0x0000000020000800        0x0 load address 0x00000000080049bc
                0x0000000020000800                . = ALIGN (0x4)
                0x0000000020000800                PROVIDE (_data, .)
 *(.data)
 *(.data.*)
 *(.ramtext)
                0x0000000020000800                . = ALIGN (0x4)
                0x0000000020000800                PROVIDE (_edata, .)

.igot.plt       0x0000000020000800        0x0 load address 0x00000000080049bc
 .igot.plt      0x0000000020000800        0x0 build/obj/crt0_v7m.o

.bss            0x0000000020000800      0xf40 load address 0x00000000080049bc
                0x0000000020000800                . = ALIGN (0x4)
                0x0000000020000800                PROVIDE (_bss_start, .)
 *(.bss)
 *(.bss.*)
 .bss.ch        0x0000000020000800      0x5d8 build/obj/chschd.o
                0x0000000020000800                ch
 .bss.nextmem   0x0000000020000dd8        0x4 build/obj/chmemcore.o
 .bss.endmem    0x0000000020000ddc        0x4 build/obj/chmemcore.o
 .bss.default_heap
                0x0000000020000de0       0x20 build/obj/chheap.o
 .bss.dma_streams_mask
                0x0000000020000e00        0x4 build/obj/stm32_dma.o
 .bss.dma_isr_redir
                0x0000000020000e04       0x80 build/obj/stm32_dma.o
 .bss.ADCD1     0x0000000020000e84       0x34 build/obj/adc_lld.o
                0x0000000020000e84                ADCD1
 .bss.ADCD2     0x0000000020000eb8       0x34 build/obj/adc_lld.o
                0x0000000020000eb8                ADCD2
 .bss.ADCD3     0x0000000020000eec       0x34 build/obj/adc_lld.o
                0x0000000020000eec                ADCD3
 .bss.SD3       0x0000000020000f20       0xd8 build/obj/serial_lld.o
                0x0000000020000f20                SD3
 .bss.serialListen
                0x0000000020000ff8      0x168 build/obj/main.o
 .bss.serialTalk
                0x0000000020001160      0x168 build/obj/main.o
 .bss.cca_exp_io_mode
                0x00000000200012c8        0x1 build/obj/main.o
                0x00000000200012c8                cca_exp_io_mode
 *fill*         0x00000000200012c9        0x3 
 .bss.recieveboxArea
                0x00000000200012cc       0x40 build/obj/protocol.o
                0x00000000200012cc                recieveboxArea
 .bss.recievebox
                0x000000002000130c       0x28 build/obj/protocol.o
                0x000000002000130c                recievebox
 .bss.packetPool
                0x0000000020001334        0xc build/obj/protocol.o
                0x0000000020001334                packetPool
 .bss.protocol_01_buffer
                0x0000000020001340      0x400 build/obj/protocol.o
                0x0000000020001340                protocol_01_buffer
 *(COMMON)
                0x0000000020001740                . = ALIGN (0x4)
                0x0000000020001740                PROVIDE (_bss_end, .)
                0x0000000020001740                PROVIDE (end, .)

.ram0           0x0000000020001740        0x0 load address 0x00000000080049bc
                0x0000000020001740                . = ALIGN (0x4)
 *(.ram0)
 *(.ram0.*)
                0x0000000020001740                . = ALIGN (0x4)
                0x0000000020001740                __ram0_free__ = .

.ram1           0x0000000020000000        0x0
                0x0000000020000000                . = ALIGN (0x4)
 *(.ram1)
 *(.ram1.*)
                0x0000000020000000                . = ALIGN (0x4)
                0x0000000020000000                __ram1_free__ = .

.ram2           0x000000002001c000        0x0
                0x000000002001c000                . = ALIGN (0x4)
 *(.ram2)
 *(.ram2.*)
                0x000000002001c000                . = ALIGN (0x4)
                0x000000002001c000                __ram2_free__ = .

.ram3           0x0000000000000000        0x0
                0x0000000000000000                . = ALIGN (0x4)
 *(.ram3)
 *(.ram3.*)
                0x0000000000000000                . = ALIGN (0x4)
                0x0000000000000000                __ram3_free__ = .

.ram4           0x0000000010000000        0x0
                0x0000000010000000                . = ALIGN (0x4)
 *(.ram4)
 *(.ram4.*)
                0x0000000010000000                . = ALIGN (0x4)
                0x0000000010000000                __ram4_free__ = .

.ram5           0x0000000040024000        0x0
                0x0000000040024000                . = ALIGN (0x4)
 *(.ram5)
 *(.ram5.*)
                0x0000000040024000                . = ALIGN (0x4)
                0x0000000040024000                __ram5_free__ = .

.ram6           0x0000000000000000        0x0
                0x0000000000000000                . = ALIGN (0x4)
 *(.ram6)
 *(.ram6.*)
                0x0000000000000000                . = ALIGN (0x4)
                0x0000000000000000                __ram6_free__ = .

.ram7           0x0000000000000000        0x0
                0x0000000000000000                . = ALIGN (0x4)
 *(.ram7)
 *(.ram7.*)
                0x0000000000000000                . = ALIGN (0x4)
                0x0000000000000000                __ram7_free__ = .

.heap           0x0000000020001740    0x1e8c0
                0x0000000020001740                . = ALIGN (0x8)
                0x0000000020001740                __heap_base__ = .
                0x0000000020020000                . = (ORIGIN (HEAP_RAM) + 0x20000)
 *fill*         0x0000000020001740    0x1e8c0 
                0x0000000020020000                __heap_end__ = .
                0x0000000000000400                __process_stack_size__ = 0x400
                0x0000000000000400                __main_stack_size__ = 0x400
START GROUP
LOAD /usr/lib/gcc/arm-none-eabi/4.8/armv7e-m/libgcc.a
LOAD /usr/lib/gcc/arm-none-eabi/4.8/../../../arm-none-eabi/lib/armv7e-m/libg.a
LOAD /usr/lib/gcc/arm-none-eabi/4.8/../../../arm-none-eabi/lib/armv7e-m/libc.a
END GROUP
OUTPUT(build/ch.elf elf32-littlearm)

.ARM.attributes
                0x0000000000000000       0x2f
 .ARM.attributes
                0x0000000000000000       0x21 build/obj/crt0_v7m.o
 .ARM.attributes
                0x0000000000000021       0x21 build/obj/chcoreasm_v7m.o
 .ARM.attributes
                0x0000000000000042       0x33 build/obj/crt1.o
 .ARM.attributes
                0x0000000000000075       0x33 build/obj/vectors.o
 .ARM.attributes
                0x00000000000000a8       0x33 build/obj/chsys.o
 .ARM.attributes
                0x00000000000000db       0x33 build/obj/chdebug.o
 .ARM.attributes
                0x000000000000010e       0x33 build/obj/chvt.o
 .ARM.attributes
                0x0000000000000141       0x33 build/obj/chschd.o
 .ARM.attributes
                0x0000000000000174       0x33 build/obj/chthreads.o
 .ARM.attributes
                0x00000000000001a7       0x33 build/obj/chtm.o
 .ARM.attributes
                0x00000000000001da       0x33 build/obj/chstats.o
 .ARM.attributes
                0x000000000000020d       0x33 build/obj/chregistry.o
 .ARM.attributes
                0x0000000000000240       0x33 build/obj/chsem.o
 .ARM.attributes
                0x0000000000000273       0x33 build/obj/chmtx.o
 .ARM.attributes
                0x00000000000002a6       0x33 build/obj/chevents.o
 .ARM.attributes
                0x00000000000002d9       0x33 build/obj/chmboxes.o
 .ARM.attributes
                0x000000000000030c       0x33 build/obj/chqueues.o
 .ARM.attributes
                0x000000000000033f       0x33 build/obj/chmemcore.o
 .ARM.attributes
                0x0000000000000372       0x33 build/obj/chheap.o
 .ARM.attributes
                0x00000000000003a5       0x33 build/obj/chmempools.o
 .ARM.attributes
                0x00000000000003d8       0x33 build/obj/chcore_v7m.o
 .ARM.attributes
                0x000000000000040b       0x33 build/obj/hal.o
 .ARM.attributes
                0x000000000000043e       0x33 build/obj/st.o
 .ARM.attributes
                0x0000000000000471       0x33 build/obj/adc.o
 .ARM.attributes
                0x00000000000004a4       0x33 build/obj/serial.o
 .ARM.attributes
                0x00000000000004d7       0x33 build/obj/nvic.o
 .ARM.attributes
                0x000000000000050a       0x33 build/obj/hal_lld.o
 .ARM.attributes
                0x000000000000053d       0x33 build/obj/stm32_dma.o
 .ARM.attributes
                0x0000000000000570       0x33 build/obj/st_lld.o
 .ARM.attributes
                0x00000000000005a3       0x33 build/obj/adc_lld.o
 .ARM.attributes
                0x00000000000005d6       0x33 build/obj/pal_lld.o
 .ARM.attributes
                0x0000000000000609       0x33 build/obj/serial_lld.o
 .ARM.attributes
                0x000000000000063c       0x33 build/obj/board.o
 .ARM.attributes
                0x000000000000066f       0x33 build/obj/main.o
 .ARM.attributes
                0x00000000000006a2       0x33 build/obj/protocol.o

.comment        0x0000000000000000       0x2d
 .comment       0x0000000000000000       0x2d build/obj/crt1.o
                                         0x2e (size before relaxing)
 .comment       0x000000000000002d       0x2e build/obj/vectors.o
 .comment       0x000000000000002d       0x2e build/obj/chsys.o
 .comment       0x000000000000002d       0x2e build/obj/chdebug.o
 .comment       0x000000000000002d       0x2e build/obj/chvt.o
 .comment       0x000000000000002d       0x2e build/obj/chschd.o
 .comment       0x000000000000002d       0x2e build/obj/chthreads.o
 .comment       0x000000000000002d       0x2e build/obj/chtm.o
 .comment       0x000000000000002d       0x2e build/obj/chstats.o
 .comment       0x000000000000002d       0x2e build/obj/chregistry.o
 .comment       0x000000000000002d       0x2e build/obj/chsem.o
 .comment       0x000000000000002d       0x2e build/obj/chmtx.o
 .comment       0x000000000000002d       0x2e build/obj/chevents.o
 .comment       0x000000000000002d       0x2e build/obj/chmboxes.o
 .comment       0x000000000000002d       0x2e build/obj/chqueues.o
 .comment       0x000000000000002d       0x2e build/obj/chmemcore.o
 .comment       0x000000000000002d       0x2e build/obj/chheap.o
 .comment       0x000000000000002d       0x2e build/obj/chmempools.o
 .comment       0x000000000000002d       0x2e build/obj/chcore_v7m.o
 .comment       0x000000000000002d       0x2e build/obj/hal.o
 .comment       0x000000000000002d       0x2e build/obj/st.o
 .comment       0x000000000000002d       0x2e build/obj/adc.o
 .comment       0x000000000000002d       0x2e build/obj/serial.o
 .comment       0x000000000000002d       0x2e build/obj/nvic.o
 .comment       0x000000000000002d       0x2e build/obj/hal_lld.o
 .comment       0x000000000000002d       0x2e build/obj/stm32_dma.o
 .comment       0x000000000000002d       0x2e build/obj/st_lld.o
 .comment       0x000000000000002d       0x2e build/obj/adc_lld.o
 .comment       0x000000000000002d       0x2e build/obj/pal_lld.o
 .comment       0x000000000000002d       0x2e build/obj/serial_lld.o
 .comment       0x000000000000002d       0x2e build/obj/board.o
 .comment       0x000000000000002d       0x2e build/obj/main.o
 .comment       0x000000000000002d       0x2e build/obj/protocol.o

.debug_info     0x0000000000000000    0x19161
 .debug_info    0x0000000000000000       0xda build/obj/crt1.o
 .debug_info    0x00000000000000da      0x1e3 build/obj/vectors.o
 .debug_info    0x00000000000002bd     0x1739 build/obj/chsys.o
 .debug_info    0x00000000000019f6      0xad9 build/obj/chdebug.o
 .debug_info    0x00000000000024cf      0xaba build/obj/chvt.o
 .debug_info    0x0000000000002f89      0xcc7 build/obj/chschd.o
 .debug_info    0x0000000000003c50     0x131b build/obj/chthreads.o
 .debug_info    0x0000000000004f6b      0xa3a build/obj/chtm.o
 .debug_info    0x00000000000059a5      0x85a build/obj/chstats.o
 .debug_info    0x00000000000061ff      0xa3c build/obj/chregistry.o
 .debug_info    0x0000000000006c3b      0xd27 build/obj/chsem.o
 .debug_info    0x0000000000007962      0xc74 build/obj/chmtx.o
 .debug_info    0x00000000000085d6      0xe41 build/obj/chevents.o
 .debug_info    0x0000000000009417      0xd45 build/obj/chmboxes.o
 .debug_info    0x000000000000a15c      0xdb2 build/obj/chqueues.o
 .debug_info    0x000000000000af0e      0x986 build/obj/chmemcore.o
 .debug_info    0x000000000000b894      0xa5a build/obj/chheap.o
 .debug_info    0x000000000000c2ee      0xb16 build/obj/chmempools.o
 .debug_info    0x000000000000ce04      0xb66 build/obj/chcore_v7m.o
 .debug_info    0x000000000000d96a      0x8e7 build/obj/hal.o
 .debug_info    0x000000000000e251      0xa73 build/obj/st.o
 .debug_info    0x000000000000ecc4     0x1128 build/obj/adc.o
 .debug_info    0x000000000000fdec     0x116a build/obj/serial.o
 .debug_info    0x0000000000010f56      0xb5e build/obj/nvic.o
 .debug_info    0x0000000000011ab4      0xa66 build/obj/hal_lld.o
 .debug_info    0x000000000001251a      0xe7e build/obj/stm32_dma.o
 .debug_info    0x0000000000013398      0xc0f build/obj/st_lld.o
 .debug_info    0x0000000000013fa7     0x1183 build/obj/adc_lld.o
 .debug_info    0x000000000001512a      0xcbb build/obj/pal_lld.o
 .debug_info    0x0000000000015de5     0x10fa build/obj/serial_lld.o
 .debug_info    0x0000000000016edf      0x8f6 build/obj/board.o
 .debug_info    0x00000000000177d5      0x984 build/obj/main.o
 .debug_info    0x0000000000018159     0x1008 build/obj/protocol.o

.debug_abbrev   0x0000000000000000     0x4dc1
 .debug_abbrev  0x0000000000000000       0x65 build/obj/crt1.o
 .debug_abbrev  0x0000000000000065       0xc5 build/obj/vectors.o
 .debug_abbrev  0x000000000000012a      0x465 build/obj/chsys.o
 .debug_abbrev  0x000000000000058f      0x259 build/obj/chdebug.o
 .debug_abbrev  0x00000000000007e8      0x24e build/obj/chvt.o
 .debug_abbrev  0x0000000000000a36      0x383 build/obj/chschd.o
 .debug_abbrev  0x0000000000000db9      0x367 build/obj/chthreads.o
 .debug_abbrev  0x0000000000001120      0x1fd build/obj/chtm.o
 .debug_abbrev  0x000000000000131d      0x1ab build/obj/chstats.o
 .debug_abbrev  0x00000000000014c8      0x226 build/obj/chregistry.o
 .debug_abbrev  0x00000000000016ee      0x2c4 build/obj/chsem.o
 .debug_abbrev  0x00000000000019b2      0x2cf build/obj/chmtx.o
 .debug_abbrev  0x0000000000001c81      0x2db build/obj/chevents.o
 .debug_abbrev  0x0000000000001f5c      0x2b9 build/obj/chmboxes.o
 .debug_abbrev  0x0000000000002215      0x2c4 build/obj/chqueues.o
 .debug_abbrev  0x00000000000024d9      0x26e build/obj/chmemcore.o
 .debug_abbrev  0x0000000000002747      0x257 build/obj/chheap.o
 .debug_abbrev  0x000000000000299e      0x270 build/obj/chmempools.o
 .debug_abbrev  0x0000000000002c0e      0x24b build/obj/chcore_v7m.o
 .debug_abbrev  0x0000000000002e59      0x18d build/obj/hal.o
 .debug_abbrev  0x0000000000002fe6      0x21c build/obj/st.o
 .debug_abbrev  0x0000000000003202      0x2d6 build/obj/adc.o
 .debug_abbrev  0x00000000000034d8      0x315 build/obj/serial.o
 .debug_abbrev  0x00000000000037ed      0x1e1 build/obj/nvic.o
 .debug_abbrev  0x00000000000039ce      0x1c3 build/obj/hal_lld.o
 .debug_abbrev  0x0000000000003b91      0x230 build/obj/stm32_dma.o
 .debug_abbrev  0x0000000000003dc1      0x200 build/obj/st_lld.o
 .debug_abbrev  0x0000000000003fc1      0x33c build/obj/adc_lld.o
 .debug_abbrev  0x00000000000042fd      0x1fb build/obj/pal_lld.o
 .debug_abbrev  0x00000000000044f8      0x304 build/obj/serial_lld.o
 .debug_abbrev  0x00000000000047fc      0x1a0 build/obj/board.o
 .debug_abbrev  0x000000000000499c      0x1da build/obj/main.o
 .debug_abbrev  0x0000000000004b76      0x24b build/obj/protocol.o

.debug_aranges  0x0000000000000000     0x10b0
 .debug_aranges
                0x0000000000000000       0x38 build/obj/crt1.o
 .debug_aranges
                0x0000000000000038       0x20 build/obj/vectors.o
 .debug_aranges
                0x0000000000000058      0x138 build/obj/chsys.o
 .debug_aranges
                0x0000000000000190       0xb8 build/obj/chdebug.o
 .debug_aranges
                0x0000000000000248       0x60 build/obj/chvt.o
 .debug_aranges
                0x00000000000002a8       0xd0 build/obj/chschd.o
 .debug_aranges
                0x0000000000000378      0x178 build/obj/chthreads.o
 .debug_aranges
                0x00000000000004f0       0x50 build/obj/chtm.o
 .debug_aranges
                0x0000000000000540       0x50 build/obj/chstats.o
 .debug_aranges
                0x0000000000000590       0x48 build/obj/chregistry.o
 .debug_aranges
                0x00000000000005d8       0xc0 build/obj/chsem.o
 .debug_aranges
                0x0000000000000698       0xa8 build/obj/chmtx.o
 .debug_aranges
                0x0000000000000740       0xc0 build/obj/chevents.o
 .debug_aranges
                0x0000000000000800       0xa8 build/obj/chmboxes.o
 .debug_aranges
                0x00000000000008a8       0xb8 build/obj/chqueues.o
 .debug_aranges
                0x0000000000000960       0x58 build/obj/chmemcore.o
 .debug_aranges
                0x00000000000009b8       0x40 build/obj/chheap.o
 .debug_aranges
                0x00000000000009f8       0x70 build/obj/chmempools.o
 .debug_aranges
                0x0000000000000a68       0x48 build/obj/chcore_v7m.o
 .debug_aranges
                0x0000000000000ab0       0x28 build/obj/hal.o
 .debug_aranges
                0x0000000000000ad8       0x68 build/obj/st.o
 .debug_aranges
                0x0000000000000b40       0xd0 build/obj/adc.o
 .debug_aranges
                0x0000000000000c10       0xe0 build/obj/serial.o
 .debug_aranges
                0x0000000000000cf0       0x38 build/obj/nvic.o
 .debug_aranges
                0x0000000000000d28       0x30 build/obj/hal_lld.o
 .debug_aranges
                0x0000000000000d58       0xb0 build/obj/stm32_dma.o
 .debug_aranges
                0x0000000000000e08       0x70 build/obj/st_lld.o
 .debug_aranges
                0x0000000000000e78       0xb8 build/obj/adc_lld.o
 .debug_aranges
                0x0000000000000f30       0x30 build/obj/pal_lld.o
 .debug_aranges
                0x0000000000000f60       0xb0 build/obj/serial_lld.o
 .debug_aranges
                0x0000000000001010       0x28 build/obj/board.o
 .debug_aranges
                0x0000000000001038       0x38 build/obj/main.o
 .debug_aranges
                0x0000000000001070       0x40 build/obj/protocol.o

.debug_ranges   0x0000000000000000      0xea0
 .debug_ranges  0x0000000000000000       0x28 build/obj/crt1.o
 .debug_ranges  0x0000000000000028       0x10 build/obj/vectors.o
 .debug_ranges  0x0000000000000038      0x128 build/obj/chsys.o
 .debug_ranges  0x0000000000000160       0xa8 build/obj/chdebug.o
 .debug_ranges  0x0000000000000208       0x50 build/obj/chvt.o
 .debug_ranges  0x0000000000000258       0xc0 build/obj/chschd.o
 .debug_ranges  0x0000000000000318      0x168 build/obj/chthreads.o
 .debug_ranges  0x0000000000000480       0x40 build/obj/chtm.o
 .debug_ranges  0x00000000000004c0       0x40 build/obj/chstats.o
 .debug_ranges  0x0000000000000500       0x38 build/obj/chregistry.o
 .debug_ranges  0x0000000000000538       0xb0 build/obj/chsem.o
 .debug_ranges  0x00000000000005e8       0x98 build/obj/chmtx.o
 .debug_ranges  0x0000000000000680       0xb0 build/obj/chevents.o
 .debug_ranges  0x0000000000000730       0x98 build/obj/chmboxes.o
 .debug_ranges  0x00000000000007c8       0xa8 build/obj/chqueues.o
 .debug_ranges  0x0000000000000870       0x48 build/obj/chmemcore.o
 .debug_ranges  0x00000000000008b8       0x30 build/obj/chheap.o
 .debug_ranges  0x00000000000008e8       0x60 build/obj/chmempools.o
 .debug_ranges  0x0000000000000948       0x38 build/obj/chcore_v7m.o
 .debug_ranges  0x0000000000000980       0x18 build/obj/hal.o
 .debug_ranges  0x0000000000000998       0x58 build/obj/st.o
 .debug_ranges  0x00000000000009f0       0xc0 build/obj/adc.o
 .debug_ranges  0x0000000000000ab0       0xd0 build/obj/serial.o
 .debug_ranges  0x0000000000000b80       0x28 build/obj/nvic.o
 .debug_ranges  0x0000000000000ba8       0x20 build/obj/hal_lld.o
 .debug_ranges  0x0000000000000bc8       0xa0 build/obj/stm32_dma.o
 .debug_ranges  0x0000000000000c68       0x60 build/obj/st_lld.o
 .debug_ranges  0x0000000000000cc8       0xa8 build/obj/adc_lld.o
 .debug_ranges  0x0000000000000d70       0x20 build/obj/pal_lld.o
 .debug_ranges  0x0000000000000d90       0xa0 build/obj/serial_lld.o
 .debug_ranges  0x0000000000000e30       0x18 build/obj/board.o
 .debug_ranges  0x0000000000000e48       0x28 build/obj/main.o
 .debug_ranges  0x0000000000000e70       0x30 build/obj/protocol.o

.debug_line     0x0000000000000000     0x77e7
 .debug_line    0x0000000000000000      0x129 build/obj/crt1.o
 .debug_line    0x0000000000000129       0xfb build/obj/vectors.o
 .debug_line    0x0000000000000224      0x65c build/obj/chsys.o
 .debug_line    0x0000000000000880      0x43d build/obj/chdebug.o
 .debug_line    0x0000000000000cbd      0x32f build/obj/chvt.o
 .debug_line    0x0000000000000fec      0x4d8 build/obj/chschd.o
 .debug_line    0x00000000000014c4      0x6fb build/obj/chthreads.o
 .debug_line    0x0000000000001bbf      0x257 build/obj/chtm.o
 .debug_line    0x0000000000001e16      0x243 build/obj/chstats.o
 .debug_line    0x0000000000002059      0x2c8 build/obj/chregistry.o
 .debug_line    0x0000000000002321      0x516 build/obj/chsem.o
 .debug_line    0x0000000000002837      0x459 build/obj/chmtx.o
 .debug_line    0x0000000000002c90      0x48f build/obj/chevents.o
 .debug_line    0x000000000000311f      0x407 build/obj/chmboxes.o
 .debug_line    0x0000000000003526      0x4a1 build/obj/chqueues.o
 .debug_line    0x00000000000039c7      0x2db build/obj/chmemcore.o
 .debug_line    0x0000000000003ca2      0x2e8 build/obj/chheap.o
 .debug_line    0x0000000000003f8a      0x379 build/obj/chmempools.o
 .debug_line    0x0000000000004303      0x27b build/obj/chcore_v7m.o
 .debug_line    0x000000000000457e      0x255 build/obj/hal.o
 .debug_line    0x00000000000047d3      0x2df build/obj/st.o
 .debug_line    0x0000000000004ab2      0x581 build/obj/adc.o
 .debug_line    0x0000000000005033      0x54c build/obj/serial.o
 .debug_line    0x000000000000557f      0x222 build/obj/nvic.o
 .debug_line    0x00000000000057a1      0x2ca build/obj/hal_lld.o
 .debug_line    0x0000000000005a6b      0x44d build/obj/stm32_dma.o
 .debug_line    0x0000000000005eb8      0x35b build/obj/st_lld.o
 .debug_line    0x0000000000006213      0x58e build/obj/adc_lld.o
 .debug_line    0x00000000000067a1      0x277 build/obj/pal_lld.o
 .debug_line    0x0000000000006a18      0x4ed build/obj/serial_lld.o
 .debug_line    0x0000000000006f05      0x26c build/obj/board.o
 .debug_line    0x0000000000007171      0x287 build/obj/main.o
 .debug_line    0x00000000000073f8      0x3ef build/obj/protocol.o

.debug_str      0x0000000000000000     0x30bc
 .debug_str     0x0000000000000000      0x192 build/obj/crt1.o
                                        0x1ce (size before relaxing)
 .debug_str     0x0000000000000192      0x16e build/obj/vectors.o
                                        0x2db (size before relaxing)
 .debug_str     0x0000000000000300      0xf35 build/obj/chsys.o
                                       0x1111 (size before relaxing)
 .debug_str     0x0000000000001235      0x11b build/obj/chdebug.o
                                        0x7b6 (size before relaxing)
 .debug_str     0x0000000000001350       0x71 build/obj/chvt.o
                                        0x6f9 (size before relaxing)
 .debug_str     0x00000000000013c1      0x168 build/obj/chschd.o
                                        0x7cc (size before relaxing)
 .debug_str     0x0000000000001529      0x246 build/obj/chthreads.o
                                        0x929 (size before relaxing)
 .debug_str     0x000000000000176f       0x90 build/obj/chtm.o
                                        0x733 (size before relaxing)
 .debug_str     0x00000000000017ff       0xca build/obj/chstats.o
                                        0x69d (size before relaxing)
 .debug_str     0x00000000000018c9       0x4a build/obj/chregistry.o
                                        0x770 (size before relaxing)
 .debug_str     0x0000000000001913       0xdd build/obj/chsem.o
                                        0x749 (size before relaxing)
 .debug_str     0x00000000000019f0       0xb2 build/obj/chmtx.o
                                        0x716 (size before relaxing)
 .debug_str     0x0000000000001aa2      0x1f9 build/obj/chevents.o
                                        0x82e (size before relaxing)
 .debug_str     0x0000000000001c9b      0x11d build/obj/chmboxes.o
                                        0x74d (size before relaxing)
 .debug_str     0x0000000000001db8      0x17b build/obj/chqueues.o
                                        0x7c1 (size before relaxing)
 .debug_str     0x0000000000001f33       0x7c build/obj/chmemcore.o
                                        0x6af (size before relaxing)
 .debug_str     0x0000000000001faf       0xcf build/obj/chheap.o
                                        0x6c1 (size before relaxing)
 .debug_str     0x000000000000207e       0xc9 build/obj/chmempools.o
                                        0x70c (size before relaxing)
 .debug_str     0x0000000000002147       0x87 build/obj/chcore_v7m.o
                                        0x71b (size before relaxing)
 .debug_str     0x00000000000021ce       0xc8 build/obj/hal.o
                                        0x6a1 (size before relaxing)
 .debug_str     0x0000000000002296       0xbe build/obj/st.o
                                        0x6e1 (size before relaxing)
 .debug_str     0x0000000000002354      0x340 build/obj/adc.o
                                        0x997 (size before relaxing)
 .debug_str     0x0000000000002694      0x166 build/obj/serial.o
                                        0x8ea (size before relaxing)
 .debug_str     0x00000000000027fa       0x85 build/obj/nvic.o
                                        0x72b (size before relaxing)
 .debug_str     0x000000000000287f      0x16c build/obj/hal_lld.o
                                        0x792 (size before relaxing)
 .debug_str     0x00000000000029eb      0x184 build/obj/stm32_dma.o
                                        0x8e3 (size before relaxing)
 .debug_str     0x0000000000002b6f       0xad build/obj/st_lld.o
                                        0x834 (size before relaxing)
 .debug_str     0x0000000000002c1c      0x141 build/obj/adc_lld.o
                                        0xb31 (size before relaxing)
 .debug_str     0x0000000000002d5d       0xe3 build/obj/pal_lld.o
                                        0x85e (size before relaxing)
 .debug_str     0x0000000000002e40       0xa6 build/obj/serial_lld.o
                                        0xa20 (size before relaxing)
 .debug_str     0x0000000000002ee6       0x47 build/obj/board.o
                                        0x6c8 (size before relaxing)
 .debug_str     0x0000000000002f2d       0x80 build/obj/main.o
                                        0x6dc (size before relaxing)
 .debug_str     0x0000000000002fad      0x10f build/obj/protocol.o
                                        0x9d0 (size before relaxing)

.debug_frame    0x0000000000000000     0x2d64
 .debug_frame   0x0000000000000000       0x50 build/obj/crt1.o
 .debug_frame   0x0000000000000050       0x20 build/obj/vectors.o
 .debug_frame   0x0000000000000070      0x378 build/obj/chsys.o
 .debug_frame   0x00000000000003e8      0x218 build/obj/chdebug.o
 .debug_frame   0x0000000000000600       0xf4 build/obj/chvt.o
 .debug_frame   0x00000000000006f4      0x264 build/obj/chschd.o
 .debug_frame   0x0000000000000958      0x468 build/obj/chthreads.o
 .debug_frame   0x0000000000000dc0       0xb8 build/obj/chtm.o
 .debug_frame   0x0000000000000e78       0xc8 build/obj/chstats.o
 .debug_frame   0x0000000000000f40       0xa8 build/obj/chregistry.o
 .debug_frame   0x0000000000000fe8      0x21c build/obj/chsem.o
 .debug_frame   0x0000000000001204      0x1d0 build/obj/chmtx.o
 .debug_frame   0x00000000000013d4      0x244 build/obj/chevents.o
 .debug_frame   0x0000000000001618      0x1f8 build/obj/chmboxes.o
 .debug_frame   0x0000000000001810      0x228 build/obj/chqueues.o
 .debug_frame   0x0000000000001a38       0xc8 build/obj/chmemcore.o
 .debug_frame   0x0000000000001b00       0x9c build/obj/chheap.o
 .debug_frame   0x0000000000001b9c      0x134 build/obj/chmempools.o
 .debug_frame   0x0000000000001cd0       0xa8 build/obj/chcore_v7m.o
 .debug_frame   0x0000000000001d78       0x3c build/obj/hal.o
 .debug_frame   0x0000000000001db4       0xf4 build/obj/st.o
 .debug_frame   0x0000000000001ea8      0x284 build/obj/adc.o
 .debug_frame   0x000000000000212c      0x2b4 build/obj/serial.o
 .debug_frame   0x00000000000023e0       0x68 build/obj/nvic.o
 .debug_frame   0x0000000000002448       0x4c build/obj/hal_lld.o
 .debug_frame   0x0000000000002494      0x21c build/obj/stm32_dma.o
 .debug_frame   0x00000000000026b0      0x134 build/obj/st_lld.o
 .debug_frame   0x00000000000027e4      0x1f0 build/obj/adc_lld.o
 .debug_frame   0x00000000000029d4       0x54 build/obj/pal_lld.o
 .debug_frame   0x0000000000002a28      0x1fc build/obj/serial_lld.o
 .debug_frame   0x0000000000002c24       0x3c build/obj/board.o
 .debug_frame   0x0000000000002c60       0x68 build/obj/main.o
 .debug_frame   0x0000000000002cc8       0x9c build/obj/protocol.o

Cross Reference Table

Symbol                                            File
ADCD1                                             build/obj/adc_lld.o
ADCD2                                             build/obj/adc_lld.o
ADCD3                                             build/obj/adc_lld.o
BusFault_Handler                                  build/obj/vectors.o
DebugMon_Handler                                  build/obj/vectors.o
HardFault_Handler                                 build/obj/vectors.o
MemManage_Handler                                 build/obj/vectors.o
NMI_Handler                                       build/obj/vectors.o
PendSV_Handler                                    build/obj/vectors.o
Reset_Handler                                     build/obj/crt0_v7m.o
SD3                                               build/obj/serial_lld.o
                                                  build/obj/protocol.o
SVC_Handler                                       build/obj/chcore_v7m.o
                                                  build/obj/vectors.o
SysTick_Handler                                   build/obj/vectors.o
SystemCoreClock                                   build/obj/hal_lld.o
TestThread                                        build/obj/test.o
UsageFault_Handler                                build/obj/vectors.o
Vector100                                         build/obj/vectors.o
Vector104                                         build/obj/vectors.o
Vector108                                         build/obj/vectors.o
Vector10C                                         build/obj/vectors.o
Vector110                                         build/obj/vectors.o
Vector114                                         build/obj/vectors.o
Vector118                                         build/obj/vectors.o
Vector11C                                         build/obj/vectors.o
Vector120                                         build/obj/stm32_dma.o
                                                  build/obj/vectors.o
Vector124                                         build/obj/stm32_dma.o
                                                  build/obj/vectors.o
Vector128                                         build/obj/stm32_dma.o
                                                  build/obj/vectors.o
Vector12C                                         build/obj/stm32_dma.o
                                                  build/obj/vectors.o
Vector130                                         build/obj/stm32_dma.o
                                                  build/obj/vectors.o
Vector134                                         build/obj/vectors.o
Vector138                                         build/obj/vectors.o
Vector13C                                         build/obj/vectors.o
Vector140                                         build/obj/vectors.o
Vector144                                         build/obj/vectors.o
Vector148                                         build/obj/vectors.o
Vector14C                                         build/obj/vectors.o
Vector150                                         build/obj/stm32_dma.o
                                                  build/obj/vectors.o
Vector154                                         build/obj/stm32_dma.o
                                                  build/obj/vectors.o
Vector158                                         build/obj/stm32_dma.o
                                                  build/obj/vectors.o
Vector15C                                         build/obj/vectors.o
Vector160                                         build/obj/vectors.o
Vector164                                         build/obj/vectors.o
Vector168                                         build/obj/vectors.o
Vector16C                                         build/obj/vectors.o
Vector170                                         build/obj/vectors.o
Vector174                                         build/obj/vectors.o
Vector178                                         build/obj/vectors.o
Vector17C                                         build/obj/vectors.o
Vector180                                         build/obj/vectors.o
Vector184                                         build/obj/vectors.o
Vector188                                         build/obj/vectors.o
Vector18C                                         build/obj/vectors.o
Vector190                                         build/obj/vectors.o
Vector194                                         build/obj/vectors.o
Vector198                                         build/obj/vectors.o
Vector19C                                         build/obj/vectors.o
Vector1A0                                         build/obj/vectors.o
Vector1A4                                         build/obj/vectors.o
Vector1A8                                         build/obj/vectors.o
Vector1AC                                         build/obj/vectors.o
Vector1B0                                         build/obj/vectors.o
Vector1B4                                         build/obj/vectors.o
Vector1B8                                         build/obj/vectors.o
Vector1BC                                         build/obj/vectors.o
Vector1C                                          build/obj/vectors.o
Vector20                                          build/obj/vectors.o
Vector24                                          build/obj/vectors.o
Vector28                                          build/obj/vectors.o
Vector34                                          build/obj/vectors.o
Vector40                                          build/obj/vectors.o
Vector44                                          build/obj/vectors.o
Vector48                                          build/obj/vectors.o
Vector4C                                          build/obj/vectors.o
Vector50                                          build/obj/vectors.o
Vector54                                          build/obj/vectors.o
Vector58                                          build/obj/vectors.o
Vector5C                                          build/obj/vectors.o
Vector60                                          build/obj/vectors.o
Vector64                                          build/obj/vectors.o
Vector68                                          build/obj/vectors.o
Vector6C                                          build/obj/stm32_dma.o
                                                  build/obj/vectors.o
Vector70                                          build/obj/stm32_dma.o
                                                  build/obj/vectors.o
Vector74                                          build/obj/stm32_dma.o
                                                  build/obj/vectors.o
Vector78                                          build/obj/stm32_dma.o
                                                  build/obj/vectors.o
Vector7C                                          build/obj/stm32_dma.o
                                                  build/obj/vectors.o
Vector80                                          build/obj/stm32_dma.o
                                                  build/obj/vectors.o
Vector84                                          build/obj/stm32_dma.o
                                                  build/obj/vectors.o
Vector88                                          build/obj/adc_lld.o
                                                  build/obj/vectors.o
Vector8C                                          build/obj/vectors.o
Vector90                                          build/obj/vectors.o
Vector94                                          build/obj/vectors.o
Vector98                                          build/obj/vectors.o
Vector9C                                          build/obj/vectors.o
VectorA0                                          build/obj/vectors.o
VectorA4                                          build/obj/vectors.o
VectorA8                                          build/obj/vectors.o
VectorAC                                          build/obj/vectors.o
VectorB0                                          build/obj/st_lld.o
                                                  build/obj/vectors.o
VectorB4                                          build/obj/vectors.o
VectorB8                                          build/obj/vectors.o
VectorBC                                          build/obj/vectors.o
VectorC0                                          build/obj/vectors.o
VectorC4                                          build/obj/vectors.o
VectorC8                                          build/obj/vectors.o
VectorCC                                          build/obj/vectors.o
VectorD0                                          build/obj/vectors.o
VectorD4                                          build/obj/vectors.o
VectorD8                                          build/obj/vectors.o
VectorDC                                          build/obj/serial_lld.o
                                                  build/obj/vectors.o
VectorE0                                          build/obj/vectors.o
VectorE4                                          build/obj/vectors.o
VectorE8                                          build/obj/vectors.o
VectorEC                                          build/obj/vectors.o
VectorF0                                          build/obj/vectors.o
VectorF4                                          build/obj/vectors.o
VectorF8                                          build/obj/vectors.o
VectorFC                                          build/obj/stm32_dma.o
                                                  build/obj/vectors.o
__core_init                                       build/obj/crt1.o
                                                  build/obj/crt0_v7m.o
__default_exit                                    build/obj/crt1.o
                                                  build/obj/crt0_v7m.o
__early_init                                      build/obj/board.o
                                                  build/obj/crt1.o
                                                  build/obj/crt0_v7m.o
__fini_array_end                                  build/obj/crt0_v7m.o
__fini_array_start                                build/obj/crt0_v7m.o
__heap_base__                                     build/obj/chmemcore.o
__heap_end__                                      build/obj/chmemcore.o
__init_array_end                                  build/obj/crt0_v7m.o
__init_array_start                                build/obj/crt0_v7m.o
__late_init                                       build/obj/crt1.o
                                                  build/obj/crt0_v7m.o
__main_stack_base__                               build/obj/crt0_v7m.o
__main_stack_end__                                build/obj/vectors.o
                                                  build/obj/crt0_v7m.o
__main_thread_stack_base__                        build/obj/chsys.o
__process_stack_base__                            build/obj/crt0_v7m.o
__process_stack_end__                             build/obj/crt0_v7m.o
_bss_end                                          build/obj/crt0_v7m.o
_bss_start                                        build/obj/crt0_v7m.o
_core_init                                        build/obj/chmemcore.o
                                                  build/obj/chsys.o
_data                                             build/obj/crt0_v7m.o
_dbg_check_disable                                build/obj/chdebug.o
                                                  build/obj/testsys.o
_dbg_check_enable                                 build/obj/chdebug.o
                                                  build/obj/testsys.o
                                                  build/obj/chsys.o
_dbg_check_enter_isr                              build/obj/chdebug.o
                                                  build/obj/serial_lld.o
                                                  build/obj/adc_lld.o
                                                  build/obj/st_lld.o
                                                  build/obj/stm32_dma.o
_dbg_check_leave_isr                              build/obj/chdebug.o
                                                  build/obj/serial_lld.o
                                                  build/obj/adc_lld.o
                                                  build/obj/st_lld.o
                                                  build/obj/stm32_dma.o
_dbg_check_lock                                   build/obj/chdebug.o
                                                  build/obj/testbmk.o
                                                  build/obj/testsys.o
                                                  build/obj/testqueues.o
                                                  build/obj/testevt.o
                                                  build/obj/testmbox.o
                                                  build/obj/testmtx.o
                                                  build/obj/testsem.o
                                                  build/obj/testthd.o
                                                  build/obj/test.o
                                                  build/obj/serial.o
                                                  build/obj/adc.o
                                                  build/obj/chmempools.o
                                                  build/obj/chmemcore.o